<?xml version="1.0"?>
<link_info>
   <banner>MSP430 Linker PC v4.4.5</banner>
   <copyright>Copyright (c) 2003-2015 Texas Instruments Incorporated</copyright>
   <link_time>0x5790ed8c</link_time>
   <link_errors>0x0</link_errors>
   <output_file>proj_DCO_v5.00.out</output_file>
   <entry_point>
      <name>_c_int00_noargs_noexit</name>
      <address>0xd5c0</address>
   </entry_point>
   <input_file_list>
      <input_file id="fl-2">
         <path>.\</path>
         <kind>object</kind>
         <file>calibration.obj</file>
         <name>calibration.obj</name>
      </input_file>
      <input_file id="fl-3">
         <path>.\</path>
         <kind>object</kind>
         <file>conf_gpio.obj</file>
         <name>conf_gpio.obj</name>
      </input_file>
      <input_file id="fl-4">
         <path>.\</path>
         <kind>object</kind>
         <file>gen_adsr.obj</file>
         <name>gen_adsr.obj</name>
      </input_file>
      <input_file id="fl-5">
         <path>.\</path>
         <kind>object</kind>
         <file>init.obj</file>
         <name>init.obj</name>
      </input_file>
      <input_file id="fl-6">
         <path>.\</path>
         <kind>object</kind>
         <file>irq_vectors.obj</file>
         <name>irq_vectors.obj</name>
      </input_file>
      <input_file id="fl-7">
         <path>.\</path>
         <kind>object</kind>
         <file>main.obj</file>
         <name>main.obj</name>
      </input_file>
      <input_file id="fl-8">
         <path>.\</path>
         <kind>object</kind>
         <file>set_timer.obj</file>
         <name>set_timer.obj</name>
      </input_file>
      <input_file id="fl-37">
         <path>C:\ti\ccsv6\tools\compiler\ti-cgt-msp430_4.4.5\lib\</path>
         <kind>archive</kind>
         <file>rts430_eabi.lib</file>
         <name>asr16.obj</name>
      </input_file>
      <input_file id="fl-38">
         <path>C:\ti\ccsv6\tools\compiler\ti-cgt-msp430_4.4.5\lib\</path>
         <kind>archive</kind>
         <file>rts430_eabi.lib</file>
         <name>boot.obj</name>
      </input_file>
      <input_file id="fl-39">
         <path>C:\ti\ccsv6\tools\compiler\ti-cgt-msp430_4.4.5\lib\</path>
         <kind>archive</kind>
         <file>rts430_eabi.lib</file>
         <name>boot_special.obj</name>
      </input_file>
      <input_file id="fl-3a">
         <path>C:\ti\ccsv6\tools\compiler\ti-cgt-msp430_4.4.5\lib\</path>
         <kind>archive</kind>
         <file>rts430_eabi.lib</file>
         <name>copy_decompress_none.obj</name>
      </input_file>
      <input_file id="fl-3b">
         <path>C:\ti\ccsv6\tools\compiler\ti-cgt-msp430_4.4.5\lib\</path>
         <kind>archive</kind>
         <file>rts430_eabi.lib</file>
         <name>copy_decompress_rle.obj</name>
      </input_file>
      <input_file id="fl-3c">
         <path>C:\ti\ccsv6\tools\compiler\ti-cgt-msp430_4.4.5\lib\</path>
         <kind>archive</kind>
         <file>rts430_eabi.lib</file>
         <name>copy_zero_init.obj</name>
      </input_file>
      <input_file id="fl-3d">
         <path>C:\ti\ccsv6\tools\compiler\ti-cgt-msp430_4.4.5\lib\</path>
         <kind>archive</kind>
         <file>rts430_eabi.lib</file>
         <name>epilog.obj</name>
      </input_file>
      <input_file id="fl-3e">
         <path>C:\ti\ccsv6\tools\compiler\ti-cgt-msp430_4.4.5\lib\</path>
         <kind>archive</kind>
         <file>rts430_eabi.lib</file>
         <name>exit.obj</name>
      </input_file>
      <input_file id="fl-3f">
         <path>C:\ti\ccsv6\tools\compiler\ti-cgt-msp430_4.4.5\lib\</path>
         <kind>archive</kind>
         <file>rts430_eabi.lib</file>
         <name>exit_gvars.obj</name>
      </input_file>
      <input_file id="fl-40">
         <path>C:\ti\ccsv6\tools\compiler\ti-cgt-msp430_4.4.5\lib\</path>
         <kind>archive</kind>
         <file>rts430_eabi.lib</file>
         <name>int00.obj</name>
      </input_file>
      <input_file id="fl-41">
         <path>C:\ti\ccsv6\tools\compiler\ti-cgt-msp430_4.4.5\lib\</path>
         <kind>archive</kind>
         <file>rts430_eabi.lib</file>
         <name>int02.obj</name>
      </input_file>
      <input_file id="fl-42">
         <path>C:\ti\ccsv6\tools\compiler\ti-cgt-msp430_4.4.5\lib\</path>
         <kind>archive</kind>
         <file>rts430_eabi.lib</file>
         <name>int03.obj</name>
      </input_file>
      <input_file id="fl-43">
         <path>C:\ti\ccsv6\tools\compiler\ti-cgt-msp430_4.4.5\lib\</path>
         <kind>archive</kind>
         <file>rts430_eabi.lib</file>
         <name>int05.obj</name>
      </input_file>
      <input_file id="fl-44">
         <path>C:\ti\ccsv6\tools\compiler\ti-cgt-msp430_4.4.5\lib\</path>
         <kind>archive</kind>
         <file>rts430_eabi.lib</file>
         <name>int08.obj</name>
      </input_file>
      <input_file id="fl-45">
         <path>C:\ti\ccsv6\tools\compiler\ti-cgt-msp430_4.4.5\lib\</path>
         <kind>archive</kind>
         <file>rts430_eabi.lib</file>
         <name>int10.obj</name>
      </input_file>
      <input_file id="fl-46">
         <path>C:\ti\ccsv6\tools\compiler\ti-cgt-msp430_4.4.5\lib\</path>
         <kind>archive</kind>
         <file>rts430_eabi.lib</file>
         <name>int11.obj</name>
      </input_file>
      <input_file id="fl-47">
         <path>C:\ti\ccsv6\tools\compiler\ti-cgt-msp430_4.4.5\lib\</path>
         <kind>archive</kind>
         <file>rts430_eabi.lib</file>
         <name>int12.obj</name>
      </input_file>
      <input_file id="fl-48">
         <path>C:\ti\ccsv6\tools\compiler\ti-cgt-msp430_4.4.5\lib\</path>
         <kind>archive</kind>
         <file>rts430_eabi.lib</file>
         <name>int14.obj</name>
      </input_file>
      <input_file id="fl-49">
         <path>C:\ti\ccsv6\tools\compiler\ti-cgt-msp430_4.4.5\lib\</path>
         <kind>archive</kind>
         <file>rts430_eabi.lib</file>
         <name>isr_trap.obj</name>
      </input_file>
      <input_file id="fl-4a">
         <path>C:\ti\ccsv6\tools\compiler\ti-cgt-msp430_4.4.5\lib\</path>
         <kind>archive</kind>
         <file>rts430_eabi.lib</file>
         <name>lsl16.obj</name>
      </input_file>
      <input_file id="fl-4b">
         <path>C:\ti\ccsv6\tools\compiler\ti-cgt-msp430_4.4.5\lib\</path>
         <kind>archive</kind>
         <file>rts430_eabi.lib</file>
         <name>lsl32.obj</name>
      </input_file>
      <input_file id="fl-4c">
         <path>C:\ti\ccsv6\tools\compiler\ti-cgt-msp430_4.4.5\lib\</path>
         <kind>archive</kind>
         <file>rts430_eabi.lib</file>
         <name>memcpy.obj</name>
      </input_file>
      <input_file id="fl-4d">
         <path>C:\ti\ccsv6\tools\compiler\ti-cgt-msp430_4.4.5\lib\</path>
         <kind>archive</kind>
         <file>rts430_eabi.lib</file>
         <name>mpu_init.obj</name>
      </input_file>
      <input_file id="fl-4e">
         <path>C:\ti\ccsv6\tools\compiler\ti-cgt-msp430_4.4.5\lib\</path>
         <kind>archive</kind>
         <file>rts430_eabi.lib</file>
         <name>pre_init.obj</name>
      </input_file>
      <input_file id="fl-4f">
         <path>C:\ti\ccsv6\tools\compiler\ti-cgt-msp430_4.4.5\lib\</path>
         <kind>archive</kind>
         <file>rts430_eabi.lib</file>
         <name>_lock.obj</name>
      </input_file>
      <input_file id="fl-50">
         <path>C:\ti\ccsv6\tools\compiler\ti-cgt-msp430_4.4.5\lib\</path>
         <kind>archive</kind>
         <file>rts430_eabi.lib</file>
         <name>args_main.obj</name>
      </input_file>
      <input_file id="fl-51">
         <path>C:\ti\ccsv6\tools\compiler\ti-cgt-msp430_4.4.5\lib\</path>
         <kind>archive</kind>
         <file>rts430_eabi.lib</file>
         <name>autoinit.obj</name>
      </input_file>
   </input_file_list>
   <object_component_list>
      <object_component id="oc-121">
         <name>.common:i2c_reg</name>
         <uninitialized>true</uninitialized>
         <run_address>0x230</run_address>
         <size>0x4</size>
      </object_component>
      <object_component id="oc-125">
         <name>.common:dco_reg</name>
         <uninitialized>true</uninitialized>
         <run_address>0x21e</run_address>
         <size>0xa</size>
      </object_component>
      <object_component id="oc-12e">
         <name>.common:dac_reg</name>
         <uninitialized>true</uninitialized>
         <run_address>0x228</run_address>
         <size>0x8</size>
      </object_component>
      <object_component id="oc-124">
         <name>.common:adsr0</name>
         <uninitialized>true</uninitialized>
         <run_address>0x200</run_address>
         <size>0x1e</size>
      </object_component>
      <object_component id="oc-8d">
         <name>.stack</name>
         <uninitialized>true</uninitialized>
         <run_address>0x3b0</run_address>
         <size>0x2</size>
         <input_file_ref idref="fl-38"/>
      </object_component>
      <object_component id="oc-217">
         <name>.stack</name>
         <uninitialized>true</uninitialized>
         <run_address>0x3b0</run_address>
         <size>0x0</size>
      </object_component>
      <object_component id="oc-b0">
         <name>.text:USCI0TX_ISR_HOOK</name>
         <load_address>0xd000</load_address>
         <run_address>0xd000</run_address>
         <size>0x210</size>
         <input_file_ref idref="fl-6"/>
      </object_component>
      <object_component id="oc-1b4">
         <name>.text:decay</name>
         <load_address>0xd210</load_address>
         <run_address>0xd210</run_address>
         <size>0x8a</size>
         <input_file_ref idref="fl-4"/>
      </object_component>
      <object_component id="oc-d5">
         <name>.text:_auto_init</name>
         <load_address>0xd29a</load_address>
         <run_address>0xd29a</run_address>
         <size>0x58</size>
         <input_file_ref idref="fl-51"/>
      </object_component>
      <object_component id="oc-1ba">
         <name>.text:attack</name>
         <load_address>0xd2f2</load_address>
         <run_address>0xd2f2</run_address>
         <size>0x56</size>
         <input_file_ref idref="fl-4"/>
      </object_component>
      <object_component id="oc-146">
         <name>.text:init_gpio</name>
         <load_address>0xd348</load_address>
         <run_address>0xd348</run_address>
         <size>0x4e</size>
         <input_file_ref idref="fl-5"/>
      </object_component>
      <object_component id="oc-1ae">
         <name>.text:release</name>
         <load_address>0xd396</load_address>
         <run_address>0xd396</run_address>
         <size>0x4e</size>
         <input_file_ref idref="fl-4"/>
      </object_component>
      <object_component id="oc-14c">
         <name>.text:init_clock</name>
         <load_address>0xd3e4</load_address>
         <run_address>0xd3e4</run_address>
         <size>0x42</size>
         <input_file_ref idref="fl-5"/>
      </object_component>
      <object_component id="oc-1d2">
         <name>.text:l_lsl_const</name>
         <load_address>0xd426</load_address>
         <run_address>0xd426</run_address>
         <size>0x3e</size>
         <input_file_ref idref="fl-4b"/>
      </object_component>
      <object_component id="oc-b6">
         <name>.text:USCI0RX_ISR_HOOK</name>
         <load_address>0xd464</load_address>
         <run_address>0xd464</run_address>
         <size>0x32</size>
         <input_file_ref idref="fl-6"/>
      </object_component>
      <object_component id="oc-16a">
         <name>.text:envelope</name>
         <load_address>0xd496</load_address>
         <run_address>0xd496</run_address>
         <size>0x30</size>
         <input_file_ref idref="fl-4"/>
      </object_component>
      <object_component id="oc-152">
         <name>.text:init_i2c</name>
         <load_address>0xd4c6</load_address>
         <run_address>0xd4c6</run_address>
         <size>0x30</size>
         <input_file_ref idref="fl-5"/>
      </object_component>
      <object_component id="oc-ef">
         <name>.text:main</name>
         <load_address>0xd4f6</load_address>
         <run_address>0xd4f6</run_address>
         <size>0x2e</size>
         <input_file_ref idref="fl-7"/>
      </object_component>
      <object_component id="oc-1c0">
         <name>.text</name>
         <load_address>0xd524</load_address>
         <run_address>0xd524</run_address>
         <size>0x2c</size>
         <input_file_ref idref="fl-37"/>
      </object_component>
      <object_component id="oc-164">
         <name>.text:adsr0_init</name>
         <load_address>0xd550</load_address>
         <run_address>0xd550</run_address>
         <size>0x2a</size>
         <input_file_ref idref="fl-7"/>
      </object_component>
      <object_component id="oc-15e">
         <name>.text:init_timer1</name>
         <load_address>0xd57a</load_address>
         <run_address>0xd57a</run_address>
         <size>0x28</size>
         <input_file_ref idref="fl-5"/>
      </object_component>
      <object_component id="oc-bc">
         <name>.text:TIMER0_A0_ISR_HOOK</name>
         <load_address>0xd5a2</load_address>
         <run_address>0xd5a2</run_address>
         <size>0x1e</size>
         <input_file_ref idref="fl-6"/>
      </object_component>
      <object_component id="oc-69">
         <name>.text:_c_int00_noargs_noexit</name>
         <load_address>0xd5c0</load_address>
         <run_address>0xd5c0</run_address>
         <size>0x1a</size>
         <input_file_ref idref="fl-39"/>
      </object_component>
      <object_component id="oc-4b">
         <name>.text:decompress:ZI:__TI_zero_init</name>
         <load_address>0xd5da</load_address>
         <run_address>0xd5da</run_address>
         <size>0x14</size>
         <input_file_ref idref="fl-3c"/>
      </object_component>
      <object_component id="oc-118">
         <name>.text</name>
         <load_address>0xd5ee</load_address>
         <run_address>0xd5ee</run_address>
         <size>0x10</size>
         <input_file_ref idref="fl-3d"/>
      </object_component>
      <object_component id="oc-1a4">
         <name>.text:set_i2c_addr</name>
         <load_address>0xd5fe</load_address>
         <run_address>0xd5fe</run_address>
         <size>0x10</size>
         <input_file_ref idref="fl-5"/>
      </object_component>
      <object_component id="oc-c2">
         <name>.text:TIMER1_A0_ISR_HOOK</name>
         <load_address>0xd60e</load_address>
         <run_address>0xd60e</run_address>
         <size>0xe</size>
         <input_file_ref idref="fl-6"/>
      </object_component>
      <object_component id="oc-158">
         <name>.text:init_timer0</name>
         <load_address>0xd61c</load_address>
         <run_address>0xd61c</run_address>
         <size>0xe</size>
         <input_file_ref idref="fl-5"/>
      </object_component>
      <object_component id="oc-170">
         <name>.text:timer1_set_pwm0</name>
         <load_address>0xd62a</load_address>
         <run_address>0xd62a</run_address>
         <size>0xc</size>
         <input_file_ref idref="fl-8"/>
      </object_component>
      <object_component id="oc-ab">
         <name>.text:_isr:__TI_ISR_TRAP</name>
         <load_address>0xd636</load_address>
         <run_address>0xd636</run_address>
         <size>0x6</size>
         <input_file_ref idref="fl-49"/>
      </object_component>
      <object_component id="oc-cf">
         <name>.text:_system_pre_init</name>
         <load_address>0xd63c</load_address>
         <run_address>0xd63c</run_address>
         <size>0x4</size>
         <input_file_ref idref="fl-4e"/>
      </object_component>
      <object_component id="oc-f7">
         <name>.text:abort</name>
         <load_address>0xd640</load_address>
         <run_address>0xd640</run_address>
         <size>0x4</size>
         <input_file_ref idref="fl-3e"/>
      </object_component>
      <object_component id="oc-216">
         <name>.cinit..bss.load</name>
         <load_address>0xd644</load_address>
         <run_address>0xd644</run_address>
         <size>0x4</size>
      </object_component>
      <object_component id="oc-214">
         <name>__TI_handler_table</name>
         <load_address>0xd648</load_address>
         <run_address>0xd648</run_address>
         <size>0x2</size>
      </object_component>
      <object_component id="oc-215">
         <name>__TI_cinit_table</name>
         <load_address>0xd64a</load_address>
         <run_address>0xd64a</run_address>
         <size>0x4</size>
      </object_component>
      <object_component id="oc-1ce">
         <name>.const:adsr_dividers</name>
         <load_address>0xc000</load_address>
         <run_address>0xc000</run_address>
         <size>0x1000</size>
         <input_file_ref idref="fl-4"/>
      </object_component>
      <object_component id="oc-3e">
         <name>.int00</name>
         <load_address>0xffe0</load_address>
         <run_address>0xffe0</run_address>
         <size>0x2</size>
         <input_file_ref idref="fl-40"/>
      </object_component>
      <object_component id="oc-3f">
         <name>.int02</name>
         <load_address>0xffe4</load_address>
         <run_address>0xffe4</run_address>
         <size>0x2</size>
         <input_file_ref idref="fl-41"/>
      </object_component>
      <object_component id="oc-40">
         <name>.int03</name>
         <load_address>0xffe6</load_address>
         <run_address>0xffe6</run_address>
         <size>0x2</size>
         <input_file_ref idref="fl-42"/>
      </object_component>
      <object_component id="oc-41">
         <name>.int05</name>
         <load_address>0xffea</load_address>
         <run_address>0xffea</run_address>
         <size>0x2</size>
         <input_file_ref idref="fl-43"/>
      </object_component>
      <object_component id="oc-42">
         <name>.int06</name>
         <load_address>0xffec</load_address>
         <run_address>0xffec</run_address>
         <size>0x2</size>
         <input_file_ref idref="fl-6"/>
      </object_component>
      <object_component id="oc-43">
         <name>.int07</name>
         <load_address>0xffee</load_address>
         <run_address>0xffee</run_address>
         <size>0x2</size>
         <input_file_ref idref="fl-6"/>
      </object_component>
      <object_component id="oc-44">
         <name>.int08</name>
         <load_address>0xfff0</load_address>
         <run_address>0xfff0</run_address>
         <size>0x2</size>
         <input_file_ref idref="fl-44"/>
      </object_component>
      <object_component id="oc-45">
         <name>.int09</name>
         <load_address>0xfff2</load_address>
         <run_address>0xfff2</run_address>
         <size>0x2</size>
         <input_file_ref idref="fl-6"/>
      </object_component>
      <object_component id="oc-46">
         <name>.int10</name>
         <load_address>0xfff4</load_address>
         <run_address>0xfff4</run_address>
         <size>0x2</size>
         <input_file_ref idref="fl-45"/>
      </object_component>
      <object_component id="oc-47">
         <name>.int11</name>
         <load_address>0xfff6</load_address>
         <run_address>0xfff6</run_address>
         <size>0x2</size>
         <input_file_ref idref="fl-46"/>
      </object_component>
      <object_component id="oc-48">
         <name>.int12</name>
         <load_address>0xfff8</load_address>
         <run_address>0xfff8</run_address>
         <size>0x2</size>
         <input_file_ref idref="fl-47"/>
      </object_component>
      <object_component id="oc-49">
         <name>.int13</name>
         <load_address>0xfffa</load_address>
         <run_address>0xfffa</run_address>
         <size>0x2</size>
         <input_file_ref idref="fl-6"/>
      </object_component>
      <object_component id="oc-4a">
         <name>.int14</name>
         <load_address>0xfffc</load_address>
         <run_address>0xfffc</run_address>
         <size>0x2</size>
         <input_file_ref idref="fl-48"/>
      </object_component>
      <object_component id="oc-90">
         <name>.reset</name>
         <load_address>0xfffe</load_address>
         <run_address>0xfffe</run_address>
         <size>0x2</size>
         <input_file_ref idref="fl-38"/>
      </object_component>
      <object_component id="oc-105">
         <name>.debug_info</name>
         <load_address>0x0</load_address>
         <run_address>0x0</run_address>
         <size>0x84</size>
         <input_file_ref idref="fl-2"/>
      </object_component>
      <object_component id="oc-1c6">
         <name>.debug_info</name>
         <load_address>0x84</load_address>
         <run_address>0x84</run_address>
         <size>0x147</size>
         <input_file_ref idref="fl-4"/>
      </object_component>
      <object_component id="oc-1cf">
         <name>.debug_info</name>
         <load_address>0x1cb</load_address>
         <run_address>0x1cb</run_address>
         <size>0xdf</size>
         <input_file_ref idref="fl-4"/>
      </object_component>
      <object_component id="oc-1bb">
         <name>.debug_info</name>
         <load_address>0x2aa</load_address>
         <run_address>0x2aa</run_address>
         <size>0x125</size>
         <input_file_ref idref="fl-4"/>
      </object_component>
      <object_component id="oc-1b5">
         <name>.debug_info</name>
         <load_address>0x3cf</load_address>
         <run_address>0x3cf</run_address>
         <size>0x139</size>
         <input_file_ref idref="fl-4"/>
      </object_component>
      <object_component id="oc-1af">
         <name>.debug_info</name>
         <load_address>0x508</load_address>
         <run_address>0x508</run_address>
         <size>0x127</size>
         <input_file_ref idref="fl-4"/>
      </object_component>
      <object_component id="oc-16b">
         <name>.debug_info</name>
         <load_address>0x62f</load_address>
         <run_address>0x62f</run_address>
         <size>0x16a</size>
         <input_file_ref idref="fl-4"/>
      </object_component>
      <object_component id="oc-127">
         <name>.debug_info</name>
         <load_address>0x799</load_address>
         <run_address>0x799</run_address>
         <size>0x18b</size>
         <input_file_ref idref="fl-4"/>
      </object_component>
      <object_component id="oc-17d">
         <name>.debug_info</name>
         <load_address>0x924</load_address>
         <run_address>0x924</run_address>
         <size>0x273</size>
         <input_file_ref idref="fl-4"/>
      </object_component>
      <object_component id="oc-148">
         <name>.debug_info</name>
         <load_address>0xb97</load_address>
         <run_address>0xb97</run_address>
         <size>0xfd</size>
         <input_file_ref idref="fl-5"/>
      </object_component>
      <object_component id="oc-15a">
         <name>.debug_info</name>
         <load_address>0xc94</load_address>
         <run_address>0xc94</run_address>
         <size>0x101</size>
         <input_file_ref idref="fl-5"/>
      </object_component>
      <object_component id="oc-160">
         <name>.debug_info</name>
         <load_address>0xd95</load_address>
         <run_address>0xd95</run_address>
         <size>0x101</size>
         <input_file_ref idref="fl-5"/>
      </object_component>
      <object_component id="oc-1a5">
         <name>.debug_info</name>
         <load_address>0xe96</load_address>
         <run_address>0xe96</run_address>
         <size>0x12e</size>
         <input_file_ref idref="fl-5"/>
      </object_component>
      <object_component id="oc-153">
         <name>.debug_info</name>
         <load_address>0xfc4</load_address>
         <run_address>0xfc4</run_address>
         <size>0x10e</size>
         <input_file_ref idref="fl-5"/>
      </object_component>
      <object_component id="oc-14d">
         <name>.debug_info</name>
         <load_address>0x10d2</load_address>
         <run_address>0x10d2</run_address>
         <size>0xff</size>
         <input_file_ref idref="fl-5"/>
      </object_component>
      <object_component id="oc-b3">
         <name>.debug_info</name>
         <load_address>0x11d1</load_address>
         <run_address>0x11d1</run_address>
         <size>0x136</size>
         <input_file_ref idref="fl-6"/>
      </object_component>
      <object_component id="oc-b7">
         <name>.debug_info</name>
         <load_address>0x1307</load_address>
         <run_address>0x1307</run_address>
         <size>0x121</size>
         <input_file_ref idref="fl-6"/>
      </object_component>
      <object_component id="oc-be">
         <name>.debug_info</name>
         <load_address>0x1428</load_address>
         <run_address>0x1428</run_address>
         <size>0x125</size>
         <input_file_ref idref="fl-6"/>
      </object_component>
      <object_component id="oc-c3">
         <name>.debug_info</name>
         <load_address>0x154d</load_address>
         <run_address>0x154d</run_address>
         <size>0x125</size>
         <input_file_ref idref="fl-6"/>
      </object_component>
      <object_component id="oc-122">
         <name>.debug_info</name>
         <load_address>0x1672</load_address>
         <run_address>0x1672</run_address>
         <size>0x2dc</size>
         <input_file_ref idref="fl-7"/>
      </object_component>
      <object_component id="oc-167">
         <name>.debug_info</name>
         <load_address>0x194e</load_address>
         <run_address>0x194e</run_address>
         <size>0xff</size>
         <input_file_ref idref="fl-7"/>
      </object_component>
      <object_component id="oc-f3">
         <name>.debug_info</name>
         <load_address>0x1a4d</load_address>
         <run_address>0x1a4d</run_address>
         <size>0x17b</size>
         <input_file_ref idref="fl-7"/>
      </object_component>
      <object_component id="oc-171">
         <name>.debug_info</name>
         <load_address>0x1bc8</load_address>
         <run_address>0x1bc8</run_address>
         <size>0x136</size>
         <input_file_ref idref="fl-8"/>
      </object_component>
      <object_component id="oc-1c1">
         <name>.debug_info</name>
         <load_address>0x1cfe</load_address>
         <run_address>0x1cfe</run_address>
         <size>0xfd</size>
         <input_file_ref idref="fl-37"/>
      </object_component>
      <object_component id="oc-8e">
         <name>.debug_info</name>
         <load_address>0x1dfb</load_address>
         <run_address>0x1dfb</run_address>
         <size>0xd6</size>
         <input_file_ref idref="fl-38"/>
      </object_component>
      <object_component id="oc-6d">
         <name>.debug_info</name>
         <load_address>0x1ed1</load_address>
         <run_address>0x1ed1</run_address>
         <size>0x177</size>
         <input_file_ref idref="fl-39"/>
      </object_component>
      <object_component id="oc-ce">
         <name>.debug_info</name>
         <load_address>0x2048</load_address>
         <run_address>0x2048</run_address>
         <size>0x14b</size>
         <input_file_ref idref="fl-3c"/>
      </object_component>
      <object_component id="oc-4d">
         <name>.debug_info</name>
         <load_address>0x2193</load_address>
         <run_address>0x2193</run_address>
         <size>0x196</size>
         <input_file_ref idref="fl-3c"/>
      </object_component>
      <object_component id="oc-c9">
         <name>.debug_info</name>
         <load_address>0x2329</load_address>
         <run_address>0x2329</run_address>
         <size>0x46</size>
         <input_file_ref idref="fl-3c"/>
      </object_component>
      <object_component id="oc-10c">
         <name>.debug_info</name>
         <load_address>0x236f</load_address>
         <run_address>0x236f</run_address>
         <size>0x2c</size>
         <input_file_ref idref="fl-3c"/>
      </object_component>
      <object_component id="oc-119">
         <name>.debug_info</name>
         <load_address>0x239b</load_address>
         <run_address>0x239b</run_address>
         <size>0x10b</size>
         <input_file_ref idref="fl-3d"/>
      </object_component>
      <object_component id="oc-f8">
         <name>.debug_info</name>
         <load_address>0x24a6</load_address>
         <run_address>0x24a6</run_address>
         <size>0xf8</size>
         <input_file_ref idref="fl-3e"/>
      </object_component>
      <object_component id="oc-ac">
         <name>.debug_info</name>
         <load_address>0x259e</load_address>
         <run_address>0x259e</run_address>
         <size>0xec</size>
         <input_file_ref idref="fl-49"/>
      </object_component>
      <object_component id="oc-1d3">
         <name>.debug_info</name>
         <load_address>0x268a</load_address>
         <run_address>0x268a</run_address>
         <size>0x103</size>
         <input_file_ref idref="fl-4b"/>
      </object_component>
      <object_component id="oc-d0">
         <name>.debug_info</name>
         <load_address>0x278d</load_address>
         <run_address>0x278d</run_address>
         <size>0x129</size>
         <input_file_ref idref="fl-4e"/>
      </object_component>
      <object_component id="oc-134">
         <name>.debug_info</name>
         <load_address>0x28b6</load_address>
         <run_address>0x28b6</run_address>
         <size>0x2ca</size>
         <input_file_ref idref="fl-51"/>
      </object_component>
      <object_component id="oc-d9">
         <name>.debug_info</name>
         <load_address>0x2b80</load_address>
         <run_address>0x2b80</run_address>
         <size>0x17c</size>
         <input_file_ref idref="fl-51"/>
      </object_component>
      <object_component id="oc-184">
         <name>.debug_info</name>
         <load_address>0x2cfc</load_address>
         <run_address>0x2cfc</run_address>
         <size>0x39</size>
         <input_file_ref idref="fl-51"/>
      </object_component>
      <object_component id="oc-218">
         <name>.debug_info</name>
         <load_address>0x2d35</load_address>
         <run_address>0x2d35</run_address>
         <size>0xa7</size>
      </object_component>
      <object_component id="oc-108">
         <name>.debug_line</name>
         <load_address>0x0</load_address>
         <run_address>0x0</run_address>
         <size>0x20</size>
         <input_file_ref idref="fl-2"/>
      </object_component>
      <object_component id="oc-1db">
         <name>.debug_line</name>
         <load_address>0x20</load_address>
         <run_address>0x20</run_address>
         <size>0x20</size>
         <input_file_ref idref="fl-4"/>
      </object_component>
      <object_component id="oc-1dd">
         <name>.debug_line</name>
         <load_address>0x40</load_address>
         <run_address>0x40</run_address>
         <size>0x3a</size>
         <input_file_ref idref="fl-4"/>
      </object_component>
      <object_component id="oc-1bf">
         <name>.debug_line</name>
         <load_address>0x7a</load_address>
         <run_address>0x7a</run_address>
         <size>0x50</size>
         <input_file_ref idref="fl-4"/>
      </object_component>
      <object_component id="oc-1b9">
         <name>.debug_line</name>
         <load_address>0xca</load_address>
         <run_address>0xca</run_address>
         <size>0x54</size>
         <input_file_ref idref="fl-4"/>
      </object_component>
      <object_component id="oc-1b2">
         <name>.debug_line</name>
         <load_address>0x11e</load_address>
         <run_address>0x11e</run_address>
         <size>0x51</size>
         <input_file_ref idref="fl-4"/>
      </object_component>
      <object_component id="oc-16e">
         <name>.debug_line</name>
         <load_address>0x16f</load_address>
         <run_address>0x16f</run_address>
         <size>0x50</size>
         <input_file_ref idref="fl-4"/>
      </object_component>
      <object_component id="oc-12a">
         <name>.debug_line</name>
         <load_address>0x1bf</load_address>
         <run_address>0x1bf</run_address>
         <size>0x63</size>
         <input_file_ref idref="fl-4"/>
      </object_component>
      <object_component id="oc-180">
         <name>.debug_line</name>
         <load_address>0x222</load_address>
         <run_address>0x222</run_address>
         <size>0x30</size>
         <input_file_ref idref="fl-4"/>
      </object_component>
      <object_component id="oc-147">
         <name>.debug_line</name>
         <load_address>0x252</load_address>
         <run_address>0x252</run_address>
         <size>0x4e</size>
         <input_file_ref idref="fl-5"/>
      </object_component>
      <object_component id="oc-159">
         <name>.debug_line</name>
         <load_address>0x2a0</load_address>
         <run_address>0x2a0</run_address>
         <size>0x41</size>
         <input_file_ref idref="fl-5"/>
      </object_component>
      <object_component id="oc-15f">
         <name>.debug_line</name>
         <load_address>0x2e1</load_address>
         <run_address>0x2e1</run_address>
         <size>0x48</size>
         <input_file_ref idref="fl-5"/>
      </object_component>
      <object_component id="oc-1a9">
         <name>.debug_line</name>
         <load_address>0x329</load_address>
         <run_address>0x329</run_address>
         <size>0x44</size>
         <input_file_ref idref="fl-5"/>
      </object_component>
      <object_component id="oc-157">
         <name>.debug_line</name>
         <load_address>0x36d</load_address>
         <run_address>0x36d</run_address>
         <size>0x49</size>
         <input_file_ref idref="fl-5"/>
      </object_component>
      <object_component id="oc-151">
         <name>.debug_line</name>
         <load_address>0x3b6</load_address>
         <run_address>0x3b6</run_address>
         <size>0x4e</size>
         <input_file_ref idref="fl-5"/>
      </object_component>
      <object_component id="oc-b1">
         <name>.debug_line</name>
         <load_address>0x404</load_address>
         <run_address>0x404</run_address>
         <size>0x168</size>
         <input_file_ref idref="fl-6"/>
      </object_component>
      <object_component id="oc-ba">
         <name>.debug_line</name>
         <load_address>0x56c</load_address>
         <run_address>0x56c</run_address>
         <size>0x5f</size>
         <input_file_ref idref="fl-6"/>
      </object_component>
      <object_component id="oc-bd">
         <name>.debug_line</name>
         <load_address>0x5cb</load_address>
         <run_address>0x5cb</run_address>
         <size>0x50</size>
         <input_file_ref idref="fl-6"/>
      </object_component>
      <object_component id="oc-c6">
         <name>.debug_line</name>
         <load_address>0x61b</load_address>
         <run_address>0x61b</run_address>
         <size>0x4b</size>
         <input_file_ref idref="fl-6"/>
      </object_component>
      <object_component id="oc-17c">
         <name>.debug_line</name>
         <load_address>0x666</load_address>
         <run_address>0x666</run_address>
         <size>0xd9</size>
         <input_file_ref idref="fl-7"/>
      </object_component>
      <object_component id="oc-166">
         <name>.debug_line</name>
         <load_address>0x73f</load_address>
         <run_address>0x73f</run_address>
         <size>0x46</size>
         <input_file_ref idref="fl-7"/>
      </object_component>
      <object_component id="oc-f2">
         <name>.debug_line</name>
         <load_address>0x785</load_address>
         <run_address>0x785</run_address>
         <size>0x4a</size>
         <input_file_ref idref="fl-7"/>
      </object_component>
      <object_component id="oc-174">
         <name>.debug_line</name>
         <load_address>0x7cf</load_address>
         <run_address>0x7cf</run_address>
         <size>0x45</size>
         <input_file_ref idref="fl-8"/>
      </object_component>
      <object_component id="oc-1c4">
         <name>.debug_line</name>
         <load_address>0x814</load_address>
         <run_address>0x814</run_address>
         <size>0x4e</size>
         <input_file_ref idref="fl-37"/>
      </object_component>
      <object_component id="oc-104">
         <name>.debug_line</name>
         <load_address>0x862</load_address>
         <run_address>0x862</run_address>
         <size>0x2a</size>
         <input_file_ref idref="fl-38"/>
      </object_component>
      <object_component id="oc-6c">
         <name>.debug_line</name>
         <load_address>0x88c</load_address>
         <run_address>0x88c</run_address>
         <size>0x4c</size>
         <input_file_ref idref="fl-39"/>
      </object_component>
      <object_component id="oc-131">
         <name>.debug_line</name>
         <load_address>0x8d8</load_address>
         <run_address>0x8d8</run_address>
         <size>0x20</size>
         <input_file_ref idref="fl-3c"/>
      </object_component>
      <object_component id="oc-4c">
         <name>.debug_line</name>
         <load_address>0x8f8</load_address>
         <run_address>0x8f8</run_address>
         <size>0x4d</size>
         <input_file_ref idref="fl-3c"/>
      </object_component>
      <object_component id="oc-cc">
         <name>.debug_line</name>
         <load_address>0x945</load_address>
         <run_address>0x945</run_address>
         <size>0x34</size>
         <input_file_ref idref="fl-3c"/>
      </object_component>
      <object_component id="oc-10f">
         <name>.debug_line</name>
         <load_address>0x979</load_address>
         <run_address>0x979</run_address>
         <size>0x80</size>
         <input_file_ref idref="fl-3c"/>
      </object_component>
      <object_component id="oc-11c">
         <name>.debug_line</name>
         <load_address>0x9f9</load_address>
         <run_address>0x9f9</run_address>
         <size>0x40</size>
         <input_file_ref idref="fl-3d"/>
      </object_component>
      <object_component id="oc-fb">
         <name>.debug_line</name>
         <load_address>0xa39</load_address>
         <run_address>0xa39</run_address>
         <size>0x3a</size>
         <input_file_ref idref="fl-3e"/>
      </object_component>
      <object_component id="oc-af">
         <name>.debug_line</name>
         <load_address>0xa73</load_address>
         <run_address>0xa73</run_address>
         <size>0x3c</size>
         <input_file_ref idref="fl-49"/>
      </object_component>
      <object_component id="oc-1d6">
         <name>.debug_line</name>
         <load_address>0xaaf</load_address>
         <run_address>0xaaf</run_address>
         <size>0x56</size>
         <input_file_ref idref="fl-4b"/>
      </object_component>
      <object_component id="oc-d3">
         <name>.debug_line</name>
         <load_address>0xb05</load_address>
         <run_address>0xb05</run_address>
         <size>0x3e</size>
         <input_file_ref idref="fl-4e"/>
      </object_component>
      <object_component id="oc-183">
         <name>.debug_line</name>
         <load_address>0xb43</load_address>
         <run_address>0xb43</run_address>
         <size>0x2e</size>
         <input_file_ref idref="fl-51"/>
      </object_component>
      <object_component id="oc-d8">
         <name>.debug_line</name>
         <load_address>0xb71</load_address>
         <run_address>0xb71</run_address>
         <size>0x7b</size>
         <input_file_ref idref="fl-51"/>
      </object_component>
      <object_component id="oc-187">
         <name>.debug_line</name>
         <load_address>0xbec</load_address>
         <run_address>0xbec</run_address>
         <size>0x2e</size>
         <input_file_ref idref="fl-51"/>
      </object_component>
      <object_component id="oc-107">
         <name>.debug_abbrev</name>
         <load_address>0x0</load_address>
         <run_address>0x0</run_address>
         <size>0x1f</size>
         <input_file_ref idref="fl-2"/>
      </object_component>
      <object_component id="oc-1da">
         <name>.debug_abbrev</name>
         <load_address>0x1f</load_address>
         <run_address>0x1f</run_address>
         <size>0x42</size>
         <input_file_ref idref="fl-4"/>
      </object_component>
      <object_component id="oc-1dc">
         <name>.debug_abbrev</name>
         <load_address>0x61</load_address>
         <run_address>0x61</run_address>
         <size>0x29</size>
         <input_file_ref idref="fl-4"/>
      </object_component>
      <object_component id="oc-1d8">
         <name>.debug_abbrev</name>
         <load_address>0x8a</load_address>
         <run_address>0x8a</run_address>
         <size>0x6c</size>
         <input_file_ref idref="fl-4"/>
      </object_component>
      <object_component id="oc-1d7">
         <name>.debug_abbrev</name>
         <load_address>0xf6</load_address>
         <run_address>0xf6</run_address>
         <size>0x7a</size>
         <input_file_ref idref="fl-4"/>
      </object_component>
      <object_component id="oc-1d1">
         <name>.debug_abbrev</name>
         <load_address>0x170</load_address>
         <run_address>0x170</run_address>
         <size>0x6c</size>
         <input_file_ref idref="fl-4"/>
      </object_component>
      <object_component id="oc-1c5">
         <name>.debug_abbrev</name>
         <load_address>0x1dc</load_address>
         <run_address>0x1dc</run_address>
         <size>0x7c</size>
         <input_file_ref idref="fl-4"/>
      </object_component>
      <object_component id="oc-129">
         <name>.debug_abbrev</name>
         <load_address>0x258</load_address>
         <run_address>0x258</run_address>
         <size>0x35</size>
         <input_file_ref idref="fl-4"/>
      </object_component>
      <object_component id="oc-17f">
         <name>.debug_abbrev</name>
         <load_address>0x28d</load_address>
         <run_address>0x28d</run_address>
         <size>0x3a</size>
         <input_file_ref idref="fl-4"/>
      </object_component>
      <object_component id="oc-1a2">
         <name>.debug_abbrev</name>
         <load_address>0x2c7</load_address>
         <run_address>0x2c7</run_address>
         <size>0x50</size>
         <input_file_ref idref="fl-5"/>
      </object_component>
      <object_component id="oc-1ab">
         <name>.debug_abbrev</name>
         <load_address>0x317</load_address>
         <run_address>0x317</run_address>
         <size>0x50</size>
         <input_file_ref idref="fl-5"/>
      </object_component>
      <object_component id="oc-1ac">
         <name>.debug_abbrev</name>
         <load_address>0x367</load_address>
         <run_address>0x367</run_address>
         <size>0x50</size>
         <input_file_ref idref="fl-5"/>
      </object_component>
      <object_component id="oc-1cd">
         <name>.debug_abbrev</name>
         <load_address>0x3b7</load_address>
         <run_address>0x3b7</run_address>
         <size>0x60</size>
         <input_file_ref idref="fl-5"/>
      </object_component>
      <object_component id="oc-1aa">
         <name>.debug_abbrev</name>
         <load_address>0x417</load_address>
         <run_address>0x417</run_address>
         <size>0x5e</size>
         <input_file_ref idref="fl-5"/>
      </object_component>
      <object_component id="oc-1a3">
         <name>.debug_abbrev</name>
         <load_address>0x475</load_address>
         <run_address>0x475</run_address>
         <size>0x50</size>
         <input_file_ref idref="fl-5"/>
      </object_component>
      <object_component id="oc-126">
         <name>.debug_abbrev</name>
         <load_address>0x4c5</load_address>
         <run_address>0x4c5</run_address>
         <size>0x61</size>
         <input_file_ref idref="fl-6"/>
      </object_component>
      <object_component id="oc-12c">
         <name>.debug_abbrev</name>
         <load_address>0x526</load_address>
         <run_address>0x526</run_address>
         <size>0x53</size>
         <input_file_ref idref="fl-6"/>
      </object_component>
      <object_component id="oc-12d">
         <name>.debug_abbrev</name>
         <load_address>0x579</load_address>
         <run_address>0x579</run_address>
         <size>0x53</size>
         <input_file_ref idref="fl-6"/>
      </object_component>
      <object_component id="oc-12f">
         <name>.debug_abbrev</name>
         <load_address>0x5cc</load_address>
         <run_address>0x5cc</run_address>
         <size>0x53</size>
         <input_file_ref idref="fl-6"/>
      </object_component>
      <object_component id="oc-17b">
         <name>.debug_abbrev</name>
         <load_address>0x61f</load_address>
         <run_address>0x61f</run_address>
         <size>0xaa</size>
         <input_file_ref idref="fl-7"/>
      </object_component>
      <object_component id="oc-1ad">
         <name>.debug_abbrev</name>
         <load_address>0x6c9</load_address>
         <run_address>0x6c9</run_address>
         <size>0x50</size>
         <input_file_ref idref="fl-7"/>
      </object_component>
      <object_component id="oc-176">
         <name>.debug_abbrev</name>
         <load_address>0x719</load_address>
         <run_address>0x719</run_address>
         <size>0x54</size>
         <input_file_ref idref="fl-7"/>
      </object_component>
      <object_component id="oc-1c7">
         <name>.debug_abbrev</name>
         <load_address>0x76d</load_address>
         <run_address>0x76d</run_address>
         <size>0x6c</size>
         <input_file_ref idref="fl-8"/>
      </object_component>
      <object_component id="oc-1d9">
         <name>.debug_abbrev</name>
         <load_address>0x7d9</load_address>
         <run_address>0x7d9</run_address>
         <size>0x3c</size>
         <input_file_ref idref="fl-37"/>
      </object_component>
      <object_component id="oc-103">
         <name>.debug_abbrev</name>
         <load_address>0x815</load_address>
         <run_address>0x815</run_address>
         <size>0x29</size>
         <input_file_ref idref="fl-38"/>
      </object_component>
      <object_component id="oc-fd">
         <name>.debug_abbrev</name>
         <load_address>0x83e</load_address>
         <run_address>0x83e</run_address>
         <size>0x58</size>
         <input_file_ref idref="fl-39"/>
      </object_component>
      <object_component id="oc-130">
         <name>.debug_abbrev</name>
         <load_address>0x896</load_address>
         <run_address>0x896</run_address>
         <size>0x37</size>
         <input_file_ref idref="fl-3c"/>
      </object_component>
      <object_component id="oc-c8">
         <name>.debug_abbrev</name>
         <load_address>0x8cd</load_address>
         <run_address>0x8cd</run_address>
         <size>0x6f</size>
         <input_file_ref idref="fl-3c"/>
      </object_component>
      <object_component id="oc-cb">
         <name>.debug_abbrev</name>
         <load_address>0x93c</load_address>
         <run_address>0x93c</run_address>
         <size>0x24</size>
         <input_file_ref idref="fl-3c"/>
      </object_component>
      <object_component id="oc-10e">
         <name>.debug_abbrev</name>
         <load_address>0x960</load_address>
         <run_address>0x960</run_address>
         <size>0x24</size>
         <input_file_ref idref="fl-3c"/>
      </object_component>
      <object_component id="oc-17a">
         <name>.debug_abbrev</name>
         <load_address>0x984</load_address>
         <run_address>0x984</run_address>
         <size>0x3a</size>
         <input_file_ref idref="fl-3d"/>
      </object_component>
      <object_component id="oc-177">
         <name>.debug_abbrev</name>
         <load_address>0x9be</load_address>
         <run_address>0x9be</run_address>
         <size>0x45</size>
         <input_file_ref idref="fl-3e"/>
      </object_component>
      <object_component id="oc-120">
         <name>.debug_abbrev</name>
         <load_address>0xa03</load_address>
         <run_address>0xa03</run_address>
         <size>0x28</size>
         <input_file_ref idref="fl-49"/>
      </object_component>
      <object_component id="oc-1de">
         <name>.debug_abbrev</name>
         <load_address>0xa2b</load_address>
         <run_address>0xa2b</run_address>
         <size>0x3c</size>
         <input_file_ref idref="fl-4b"/>
      </object_component>
      <object_component id="oc-132">
         <name>.debug_abbrev</name>
         <load_address>0xa67</load_address>
         <run_address>0xa67</run_address>
         <size>0x55</size>
         <input_file_ref idref="fl-4e"/>
      </object_component>
      <object_component id="oc-182">
         <name>.debug_abbrev</name>
         <load_address>0xabc</load_address>
         <run_address>0xabc</run_address>
         <size>0x7b</size>
         <input_file_ref idref="fl-51"/>
      </object_component>
      <object_component id="oc-133">
         <name>.debug_abbrev</name>
         <load_address>0xb37</load_address>
         <run_address>0xb37</run_address>
         <size>0x70</size>
         <input_file_ref idref="fl-51"/>
      </object_component>
      <object_component id="oc-186">
         <name>.debug_abbrev</name>
         <load_address>0xba7</load_address>
         <run_address>0xba7</run_address>
         <size>0x24</size>
         <input_file_ref idref="fl-51"/>
      </object_component>
      <object_component id="oc-219">
         <name>.debug_abbrev</name>
         <load_address>0xbcb</load_address>
         <run_address>0xbcb</run_address>
         <size>0xf</size>
      </object_component>
      <object_component id="oc-109">
         <name>.debug_str</name>
         <load_address>0x0</load_address>
         <run_address>0x0</run_address>
         <size>0xf5</size>
         <input_file_ref idref="fl-2"/>
      </object_component>
      <object_component id="oc-12b">
         <name>.debug_str</name>
         <load_address>0xf5</load_address>
         <run_address>0xf5</run_address>
         <size>0x218</size>
         <input_file_ref idref="fl-4"/>
      </object_component>
      <object_component id="oc-181">
         <name>.debug_str</name>
         <load_address>0x30d</load_address>
         <run_address>0x30d</run_address>
         <size>0x213</size>
         <input_file_ref idref="fl-4"/>
      </object_component>
      <object_component id="oc-cd">
         <name>.debug_str</name>
         <load_address>0x520</load_address>
         <run_address>0x520</run_address>
         <size>0xdb</size>
         <input_file_ref idref="fl-3c"/>
      </object_component>
      <object_component id="oc-110">
         <name>.debug_str</name>
         <load_address>0x5fb</load_address>
         <run_address>0x5fb</run_address>
         <size>0x104</size>
         <input_file_ref idref="fl-3c"/>
      </object_component>
      <object_component id="oc-188">
         <name>.debug_str</name>
         <load_address>0x6ff</load_address>
         <run_address>0x6ff</run_address>
         <size>0xc3</size>
         <input_file_ref idref="fl-51"/>
      </object_component>
      <object_component id="oc-106">
         <name>.debug_pubtypes</name>
         <load_address>0x0</load_address>
         <run_address>0x0</run_address>
         <size>0xed</size>
         <input_file_ref idref="fl-2"/>
      </object_component>
      <object_component id="oc-128">
         <name>.debug_pubtypes</name>
         <load_address>0xed</load_address>
         <run_address>0xed</run_address>
         <size>0x1c6</size>
         <input_file_ref idref="fl-4"/>
      </object_component>
      <object_component id="oc-17e">
         <name>.debug_pubtypes</name>
         <load_address>0x2b3</load_address>
         <run_address>0x2b3</run_address>
         <size>0x5f</size>
         <input_file_ref idref="fl-4"/>
      </object_component>
      <object_component id="oc-ca">
         <name>.debug_pubtypes</name>
         <load_address>0x312</load_address>
         <run_address>0x312</run_address>
         <size>0x48</size>
         <input_file_ref idref="fl-3c"/>
      </object_component>
      <object_component id="oc-10d">
         <name>.debug_pubtypes</name>
         <load_address>0x35a</load_address>
         <run_address>0x35a</run_address>
         <size>0x1d</size>
         <input_file_ref idref="fl-3c"/>
      </object_component>
      <object_component id="oc-185">
         <name>.debug_pubtypes</name>
         <load_address>0x377</load_address>
         <run_address>0x377</run_address>
         <size>0x32</size>
         <input_file_ref idref="fl-51"/>
      </object_component>
      <object_component id="oc-1be">
         <name>.debug_frame</name>
         <load_address>0x0</load_address>
         <run_address>0x0</run_address>
         <size>0x47</size>
         <input_file_ref idref="fl-4"/>
      </object_component>
      <object_component id="oc-1b8">
         <name>.debug_frame</name>
         <load_address>0x47</load_address>
         <run_address>0x47</run_address>
         <size>0x48</size>
         <input_file_ref idref="fl-4"/>
      </object_component>
      <object_component id="oc-1b3">
         <name>.debug_frame</name>
         <load_address>0x8f</load_address>
         <run_address>0x8f</run_address>
         <size>0x47</size>
         <input_file_ref idref="fl-4"/>
      </object_component>
      <object_component id="oc-16f">
         <name>.debug_frame</name>
         <load_address>0xd6</load_address>
         <run_address>0xd6</run_address>
         <size>0x50</size>
         <input_file_ref idref="fl-4"/>
      </object_component>
      <object_component id="oc-14b">
         <name>.debug_frame</name>
         <load_address>0x126</load_address>
         <run_address>0x126</run_address>
         <size>0x47</size>
         <input_file_ref idref="fl-5"/>
      </object_component>
      <object_component id="oc-15d">
         <name>.debug_frame</name>
         <load_address>0x16d</load_address>
         <run_address>0x16d</run_address>
         <size>0x47</size>
         <input_file_ref idref="fl-5"/>
      </object_component>
      <object_component id="oc-163">
         <name>.debug_frame</name>
         <load_address>0x1b4</load_address>
         <run_address>0x1b4</run_address>
         <size>0x47</size>
         <input_file_ref idref="fl-5"/>
      </object_component>
      <object_component id="oc-1a8">
         <name>.debug_frame</name>
         <load_address>0x1fb</load_address>
         <run_address>0x1fb</run_address>
         <size>0x47</size>
         <input_file_ref idref="fl-5"/>
      </object_component>
      <object_component id="oc-156">
         <name>.debug_frame</name>
         <load_address>0x242</load_address>
         <run_address>0x242</run_address>
         <size>0x47</size>
         <input_file_ref idref="fl-5"/>
      </object_component>
      <object_component id="oc-150">
         <name>.debug_frame</name>
         <load_address>0x289</load_address>
         <run_address>0x289</run_address>
         <size>0x47</size>
         <input_file_ref idref="fl-5"/>
      </object_component>
      <object_component id="oc-b2">
         <name>.debug_frame</name>
         <load_address>0x2d0</load_address>
         <run_address>0x2d0</run_address>
         <size>0x5b</size>
         <input_file_ref idref="fl-6"/>
      </object_component>
      <object_component id="oc-bb">
         <name>.debug_frame</name>
         <load_address>0x32b</load_address>
         <run_address>0x32b</run_address>
         <size>0x50</size>
         <input_file_ref idref="fl-6"/>
      </object_component>
      <object_component id="oc-c1">
         <name>.debug_frame</name>
         <load_address>0x37b</load_address>
         <run_address>0x37b</run_address>
         <size>0x47</size>
         <input_file_ref idref="fl-6"/>
      </object_component>
      <object_component id="oc-c7">
         <name>.debug_frame</name>
         <load_address>0x3c2</load_address>
         <run_address>0x3c2</run_address>
         <size>0x47</size>
         <input_file_ref idref="fl-6"/>
      </object_component>
      <object_component id="oc-169">
         <name>.debug_frame</name>
         <load_address>0x409</load_address>
         <run_address>0x409</run_address>
         <size>0x47</size>
         <input_file_ref idref="fl-7"/>
      </object_component>
      <object_component id="oc-f1">
         <name>.debug_frame</name>
         <load_address>0x450</load_address>
         <run_address>0x450</run_address>
         <size>0x47</size>
         <input_file_ref idref="fl-7"/>
      </object_component>
      <object_component id="oc-175">
         <name>.debug_frame</name>
         <load_address>0x497</load_address>
         <run_address>0x497</run_address>
         <size>0x47</size>
         <input_file_ref idref="fl-8"/>
      </object_component>
      <object_component id="oc-6b">
         <name>.debug_frame</name>
         <load_address>0x4de</load_address>
         <run_address>0x4de</run_address>
         <size>0x42</size>
         <input_file_ref idref="fl-39"/>
      </object_component>
      <object_component id="oc-50">
         <name>.debug_frame</name>
         <load_address>0x520</load_address>
         <run_address>0x520</run_address>
         <size>0x47</size>
         <input_file_ref idref="fl-3c"/>
      </object_component>
      <object_component id="oc-fc">
         <name>.debug_frame</name>
         <load_address>0x567</load_address>
         <run_address>0x567</run_address>
         <size>0x47</size>
         <input_file_ref idref="fl-3e"/>
      </object_component>
      <object_component id="oc-d4">
         <name>.debug_frame</name>
         <load_address>0x5ae</load_address>
         <run_address>0x5ae</run_address>
         <size>0x47</size>
         <input_file_ref idref="fl-4e"/>
      </object_component>
      <object_component id="oc-d7">
         <name>.debug_frame</name>
         <load_address>0x5f5</load_address>
         <run_address>0x5f5</run_address>
         <size>0x51</size>
         <input_file_ref idref="fl-51"/>
      </object_component>
      <object_component id="oc-1bc">
         <name>.debug_aranges</name>
         <load_address>0x0</load_address>
         <run_address>0x0</run_address>
         <size>0x20</size>
         <input_file_ref idref="fl-4"/>
      </object_component>
      <object_component id="oc-1b6">
         <name>.debug_aranges</name>
         <load_address>0x20</load_address>
         <run_address>0x20</run_address>
         <size>0x20</size>
         <input_file_ref idref="fl-4"/>
      </object_component>
      <object_component id="oc-1b0">
         <name>.debug_aranges</name>
         <load_address>0x40</load_address>
         <run_address>0x40</run_address>
         <size>0x20</size>
         <input_file_ref idref="fl-4"/>
      </object_component>
      <object_component id="oc-16d">
         <name>.debug_aranges</name>
         <load_address>0x60</load_address>
         <run_address>0x60</run_address>
         <size>0x20</size>
         <input_file_ref idref="fl-4"/>
      </object_component>
      <object_component id="oc-149">
         <name>.debug_aranges</name>
         <load_address>0x80</load_address>
         <run_address>0x80</run_address>
         <size>0x20</size>
         <input_file_ref idref="fl-5"/>
      </object_component>
      <object_component id="oc-15b">
         <name>.debug_aranges</name>
         <load_address>0xa0</load_address>
         <run_address>0xa0</run_address>
         <size>0x20</size>
         <input_file_ref idref="fl-5"/>
      </object_component>
      <object_component id="oc-161">
         <name>.debug_aranges</name>
         <load_address>0xc0</load_address>
         <run_address>0xc0</run_address>
         <size>0x20</size>
         <input_file_ref idref="fl-5"/>
      </object_component>
      <object_component id="oc-1a6">
         <name>.debug_aranges</name>
         <load_address>0xe0</load_address>
         <run_address>0xe0</run_address>
         <size>0x20</size>
         <input_file_ref idref="fl-5"/>
      </object_component>
      <object_component id="oc-155">
         <name>.debug_aranges</name>
         <load_address>0x100</load_address>
         <run_address>0x100</run_address>
         <size>0x20</size>
         <input_file_ref idref="fl-5"/>
      </object_component>
      <object_component id="oc-14e">
         <name>.debug_aranges</name>
         <load_address>0x120</load_address>
         <run_address>0x120</run_address>
         <size>0x20</size>
         <input_file_ref idref="fl-5"/>
      </object_component>
      <object_component id="oc-b4">
         <name>.debug_aranges</name>
         <load_address>0x140</load_address>
         <run_address>0x140</run_address>
         <size>0x20</size>
         <input_file_ref idref="fl-6"/>
      </object_component>
      <object_component id="oc-b8">
         <name>.debug_aranges</name>
         <load_address>0x160</load_address>
         <run_address>0x160</run_address>
         <size>0x20</size>
         <input_file_ref idref="fl-6"/>
      </object_component>
      <object_component id="oc-bf">
         <name>.debug_aranges</name>
         <load_address>0x180</load_address>
         <run_address>0x180</run_address>
         <size>0x20</size>
         <input_file_ref idref="fl-6"/>
      </object_component>
      <object_component id="oc-c4">
         <name>.debug_aranges</name>
         <load_address>0x1a0</load_address>
         <run_address>0x1a0</run_address>
         <size>0x20</size>
         <input_file_ref idref="fl-6"/>
      </object_component>
      <object_component id="oc-165">
         <name>.debug_aranges</name>
         <load_address>0x1c0</load_address>
         <run_address>0x1c0</run_address>
         <size>0x20</size>
         <input_file_ref idref="fl-7"/>
      </object_component>
      <object_component id="oc-f0">
         <name>.debug_aranges</name>
         <load_address>0x1e0</load_address>
         <run_address>0x1e0</run_address>
         <size>0x20</size>
         <input_file_ref idref="fl-7"/>
      </object_component>
      <object_component id="oc-173">
         <name>.debug_aranges</name>
         <load_address>0x200</load_address>
         <run_address>0x200</run_address>
         <size>0x20</size>
         <input_file_ref idref="fl-8"/>
      </object_component>
      <object_component id="oc-1c2">
         <name>.debug_aranges</name>
         <load_address>0x220</load_address>
         <run_address>0x220</run_address>
         <size>0x20</size>
         <input_file_ref idref="fl-37"/>
      </object_component>
      <object_component id="oc-6a">
         <name>.debug_aranges</name>
         <load_address>0x240</load_address>
         <run_address>0x240</run_address>
         <size>0x20</size>
         <input_file_ref idref="fl-39"/>
      </object_component>
      <object_component id="oc-4f">
         <name>.debug_aranges</name>
         <load_address>0x260</load_address>
         <run_address>0x260</run_address>
         <size>0x20</size>
         <input_file_ref idref="fl-3c"/>
      </object_component>
      <object_component id="oc-11a">
         <name>.debug_aranges</name>
         <load_address>0x280</load_address>
         <run_address>0x280</run_address>
         <size>0x20</size>
         <input_file_ref idref="fl-3d"/>
      </object_component>
      <object_component id="oc-f9">
         <name>.debug_aranges</name>
         <load_address>0x2a0</load_address>
         <run_address>0x2a0</run_address>
         <size>0x20</size>
         <input_file_ref idref="fl-3e"/>
      </object_component>
      <object_component id="oc-ad">
         <name>.debug_aranges</name>
         <load_address>0x2c0</load_address>
         <run_address>0x2c0</run_address>
         <size>0x20</size>
         <input_file_ref idref="fl-49"/>
      </object_component>
      <object_component id="oc-1d4">
         <name>.debug_aranges</name>
         <load_address>0x2e0</load_address>
         <run_address>0x2e0</run_address>
         <size>0x20</size>
         <input_file_ref idref="fl-4b"/>
      </object_component>
      <object_component id="oc-d1">
         <name>.debug_aranges</name>
         <load_address>0x300</load_address>
         <run_address>0x300</run_address>
         <size>0x20</size>
         <input_file_ref idref="fl-4e"/>
      </object_component>
      <object_component id="oc-d6">
         <name>.debug_aranges</name>
         <load_address>0x320</load_address>
         <run_address>0x320</run_address>
         <size>0x20</size>
         <input_file_ref idref="fl-51"/>
      </object_component>
      <object_component id="oc-1d0">
         <name>.debug_pubnames</name>
         <load_address>0x0</load_address>
         <run_address>0x0</run_address>
         <size>0x24</size>
         <input_file_ref idref="fl-4"/>
      </object_component>
      <object_component id="oc-1bd">
         <name>.debug_pubnames</name>
         <load_address>0x24</load_address>
         <run_address>0x24</run_address>
         <size>0x1d</size>
         <input_file_ref idref="fl-4"/>
      </object_component>
      <object_component id="oc-1b7">
         <name>.debug_pubnames</name>
         <load_address>0x41</load_address>
         <run_address>0x41</run_address>
         <size>0x1c</size>
         <input_file_ref idref="fl-4"/>
      </object_component>
      <object_component id="oc-1b1">
         <name>.debug_pubnames</name>
         <load_address>0x5d</load_address>
         <run_address>0x5d</run_address>
         <size>0x1e</size>
         <input_file_ref idref="fl-4"/>
      </object_component>
      <object_component id="oc-16c">
         <name>.debug_pubnames</name>
         <load_address>0x7b</load_address>
         <run_address>0x7b</run_address>
         <size>0x1f</size>
         <input_file_ref idref="fl-4"/>
      </object_component>
      <object_component id="oc-14a">
         <name>.debug_pubnames</name>
         <load_address>0x9a</load_address>
         <run_address>0x9a</run_address>
         <size>0x20</size>
         <input_file_ref idref="fl-5"/>
      </object_component>
      <object_component id="oc-15c">
         <name>.debug_pubnames</name>
         <load_address>0xba</load_address>
         <run_address>0xba</run_address>
         <size>0x22</size>
         <input_file_ref idref="fl-5"/>
      </object_component>
      <object_component id="oc-162">
         <name>.debug_pubnames</name>
         <load_address>0xdc</load_address>
         <run_address>0xdc</run_address>
         <size>0x22</size>
         <input_file_ref idref="fl-5"/>
      </object_component>
      <object_component id="oc-1a7">
         <name>.debug_pubnames</name>
         <load_address>0xfe</load_address>
         <run_address>0xfe</run_address>
         <size>0x23</size>
         <input_file_ref idref="fl-5"/>
      </object_component>
      <object_component id="oc-154">
         <name>.debug_pubnames</name>
         <load_address>0x121</load_address>
         <run_address>0x121</run_address>
         <size>0x1f</size>
         <input_file_ref idref="fl-5"/>
      </object_component>
      <object_component id="oc-14f">
         <name>.debug_pubnames</name>
         <load_address>0x140</load_address>
         <run_address>0x140</run_address>
         <size>0x21</size>
         <input_file_ref idref="fl-5"/>
      </object_component>
      <object_component id="oc-b5">
         <name>.debug_pubnames</name>
         <load_address>0x161</load_address>
         <run_address>0x161</run_address>
         <size>0x27</size>
         <input_file_ref idref="fl-6"/>
      </object_component>
      <object_component id="oc-b9">
         <name>.debug_pubnames</name>
         <load_address>0x188</load_address>
         <run_address>0x188</run_address>
         <size>0x27</size>
         <input_file_ref idref="fl-6"/>
      </object_component>
      <object_component id="oc-c0">
         <name>.debug_pubnames</name>
         <load_address>0x1af</load_address>
         <run_address>0x1af</run_address>
         <size>0x29</size>
         <input_file_ref idref="fl-6"/>
      </object_component>
      <object_component id="oc-c5">
         <name>.debug_pubnames</name>
         <load_address>0x1d8</load_address>
         <run_address>0x1d8</run_address>
         <size>0x29</size>
         <input_file_ref idref="fl-6"/>
      </object_component>
      <object_component id="oc-123">
         <name>.debug_pubnames</name>
         <load_address>0x201</load_address>
         <run_address>0x201</run_address>
         <size>0x40</size>
         <input_file_ref idref="fl-7"/>
      </object_component>
      <object_component id="oc-168">
         <name>.debug_pubnames</name>
         <load_address>0x241</load_address>
         <run_address>0x241</run_address>
         <size>0x21</size>
         <input_file_ref idref="fl-7"/>
      </object_component>
      <object_component id="oc-f4">
         <name>.debug_pubnames</name>
         <load_address>0x262</load_address>
         <run_address>0x262</run_address>
         <size>0x1b</size>
         <input_file_ref idref="fl-7"/>
      </object_component>
      <object_component id="oc-172">
         <name>.debug_pubnames</name>
         <load_address>0x27d</load_address>
         <run_address>0x27d</run_address>
         <size>0x26</size>
         <input_file_ref idref="fl-8"/>
      </object_component>
      <object_component id="oc-1c3">
         <name>.debug_pubnames</name>
         <load_address>0x2a3</load_address>
         <run_address>0x2a3</run_address>
         <size>0x24</size>
         <input_file_ref idref="fl-37"/>
      </object_component>
      <object_component id="oc-8f">
         <name>.debug_pubnames</name>
         <load_address>0x2c7</load_address>
         <run_address>0x2c7</run_address>
         <size>0x1d</size>
         <input_file_ref idref="fl-38"/>
      </object_component>
      <object_component id="oc-6e">
         <name>.debug_pubnames</name>
         <load_address>0x2e4</load_address>
         <run_address>0x2e4</run_address>
         <size>0x2d</size>
         <input_file_ref idref="fl-39"/>
      </object_component>
      <object_component id="oc-4e">
         <name>.debug_pubnames</name>
         <load_address>0x311</load_address>
         <run_address>0x311</run_address>
         <size>0x25</size>
         <input_file_ref idref="fl-3c"/>
      </object_component>
      <object_component id="oc-11b">
         <name>.debug_pubnames</name>
         <load_address>0x336</load_address>
         <run_address>0x336</run_address>
         <size>0x2b</size>
         <input_file_ref idref="fl-3d"/>
      </object_component>
      <object_component id="oc-fa">
         <name>.debug_pubnames</name>
         <load_address>0x361</load_address>
         <run_address>0x361</run_address>
         <size>0x1c</size>
         <input_file_ref idref="fl-3e"/>
      </object_component>
      <object_component id="oc-ae">
         <name>.debug_pubnames</name>
         <load_address>0x37d</load_address>
         <run_address>0x37d</run_address>
         <size>0x2b</size>
         <input_file_ref idref="fl-49"/>
      </object_component>
      <object_component id="oc-1d5">
         <name>.debug_pubnames</name>
         <load_address>0x3a8</load_address>
         <run_address>0x3a8</run_address>
         <size>0x27</size>
         <input_file_ref idref="fl-4b"/>
      </object_component>
      <object_component id="oc-d2">
         <name>.debug_pubnames</name>
         <load_address>0x3cf</load_address>
         <run_address>0x3cf</run_address>
         <size>0x27</size>
         <input_file_ref idref="fl-4e"/>
      </object_component>
      <object_component id="oc-da">
         <name>.debug_pubnames</name>
         <load_address>0x3f6</load_address>
         <run_address>0x3f6</run_address>
         <size>0x21</size>
         <input_file_ref idref="fl-51"/>
      </object_component>
   </object_component_list>
   <logical_group_list>
      <logical_group id="lg-2" display="no" color="cyan">
         <name>.bss</name>
         <run_address>0x200</run_address>
         <size>0x34</size>
         <contents>
            <object_component_ref idref="oc-121"/>
            <object_component_ref idref="oc-125"/>
            <object_component_ref idref="oc-12e"/>
            <object_component_ref idref="oc-124"/>
         </contents>
      </logical_group>
      <logical_group id="lg-4" display="no" color="cyan">
         <name>.TI.noinit</name>
         <run_address>0x0</run_address>
         <size>0x0</size>
         <contents>
         </contents>
      </logical_group>
      <logical_group id="lg-5" display="no" color="cyan">
         <name>.sysmem</name>
         <run_address>0x0</run_address>
         <size>0x0</size>
         <contents>
         </contents>
      </logical_group>
      <logical_group id="lg-6" display="no" color="cyan">
         <name>.stack</name>
         <run_address>0x3b0</run_address>
         <size>0x50</size>
         <contents>
            <object_component_ref idref="oc-8d"/>
            <object_component_ref idref="oc-217"/>
         </contents>
      </logical_group>
      <logical_group id="lg-7" display="no" color="cyan">
         <name>.text</name>
         <load_address>0xd000</load_address>
         <run_address>0xd000</run_address>
         <size>0x644</size>
         <contents>
            <object_component_ref idref="oc-b0"/>
            <object_component_ref idref="oc-1b4"/>
            <object_component_ref idref="oc-d5"/>
            <object_component_ref idref="oc-1ba"/>
            <object_component_ref idref="oc-146"/>
            <object_component_ref idref="oc-1ae"/>
            <object_component_ref idref="oc-14c"/>
            <object_component_ref idref="oc-1d2"/>
            <object_component_ref idref="oc-b6"/>
            <object_component_ref idref="oc-16a"/>
            <object_component_ref idref="oc-152"/>
            <object_component_ref idref="oc-ef"/>
            <object_component_ref idref="oc-1c0"/>
            <object_component_ref idref="oc-164"/>
            <object_component_ref idref="oc-15e"/>
            <object_component_ref idref="oc-bc"/>
            <object_component_ref idref="oc-69"/>
            <object_component_ref idref="oc-4b"/>
            <object_component_ref idref="oc-118"/>
            <object_component_ref idref="oc-1a4"/>
            <object_component_ref idref="oc-c2"/>
            <object_component_ref idref="oc-158"/>
            <object_component_ref idref="oc-170"/>
            <object_component_ref idref="oc-ab"/>
            <object_component_ref idref="oc-cf"/>
            <object_component_ref idref="oc-f7"/>
         </contents>
      </logical_group>
      <logical_group id="lg-8" display="no" color="cyan">
         <name>.cinit</name>
         <load_address>0xd644</load_address>
         <run_address>0xd644</run_address>
         <size>0xa</size>
         <contents>
            <object_component_ref idref="oc-216"/>
            <object_component_ref idref="oc-214"/>
            <object_component_ref idref="oc-215"/>
         </contents>
      </logical_group>
      <logical_group id="lg-9" display="no" color="cyan">
         <name>.const</name>
         <load_address>0xc000</load_address>
         <run_address>0xc000</run_address>
         <size>0x1000</size>
         <contents>
            <object_component_ref idref="oc-1ce"/>
         </contents>
      </logical_group>
      <logical_group id="lg-a" display="no" color="cyan">
         <name>.bslsignature</name>
         <run_address>0x0</run_address>
         <size>0x0</size>
         <contents>
         </contents>
      </logical_group>
      <logical_group id="lg-b" display="no" color="cyan">
         <name>.cio</name>
         <run_address>0x0</run_address>
         <size>0x0</size>
         <contents>
         </contents>
      </logical_group>
      <logical_group id="lg-c" display="no" color="cyan">
         <name>.pinit</name>
         <run_address>0x0</run_address>
         <size>0x0</size>
         <contents>
         </contents>
      </logical_group>
      <logical_group id="lg-d" display="no" color="cyan">
         <name>.init_array</name>
         <run_address>0x0</run_address>
         <size>0x0</size>
         <contents>
         </contents>
      </logical_group>
      <logical_group id="lg-e" display="no" color="cyan">
         <name>.mspabi.exidx</name>
         <run_address>0x0</run_address>
         <size>0x0</size>
         <contents>
         </contents>
      </logical_group>
      <logical_group id="lg-f" display="no" color="cyan">
         <name>.mspabi.extab</name>
         <run_address>0x0</run_address>
         <size>0x0</size>
         <contents>
         </contents>
      </logical_group>
      <logical_group id="lg-10" display="no" color="cyan">
         <name>.infoA</name>
         <run_address>0x0</run_address>
         <size>0x0</size>
         <contents>
         </contents>
      </logical_group>
      <logical_group id="lg-11" display="no" color="cyan">
         <name>.infoB</name>
         <run_address>0x0</run_address>
         <size>0x0</size>
         <contents>
         </contents>
      </logical_group>
      <logical_group id="lg-12" display="no" color="cyan">
         <name>.infoC</name>
         <run_address>0x0</run_address>
         <size>0x0</size>
         <contents>
         </contents>
      </logical_group>
      <logical_group id="lg-13" display="no" color="cyan">
         <name>.infoD</name>
         <run_address>0x0</run_address>
         <size>0x0</size>
         <contents>
         </contents>
      </logical_group>
      <logical_group id="lg-14" display="no" color="cyan">
         <name>TRAPINT</name>
         <load_address>0xffe0</load_address>
         <run_address>0xffe0</run_address>
         <size>0x2</size>
         <contents>
            <object_component_ref idref="oc-3e"/>
         </contents>
      </logical_group>
      <logical_group id="lg-16" display="no" color="cyan">
         <name>.int01</name>
         <run_address>0x0</run_address>
[...]
      <symbol id="sm-30">
         <name>TA0CCTL0</name>
         <value>0x162</value>
      </symbol>
      <symbol id="sm-31">
         <name>TA0CCTL1</name>
         <value>0x164</value>
      </symbol>
      <symbol id="sm-32">
         <name>TA0CCTL2</name>
         <value>0x166</value>
      </symbol>
      <symbol id="sm-33">
         <name>TA0R</name>
         <value>0x170</value>
      </symbol>
      <symbol id="sm-34">
         <name>TA0CCR0</name>
         <value>0x172</value>
      </symbol>
      <symbol id="sm-35">
         <name>TA0CCR1</name>
         <value>0x174</value>
      </symbol>
      <symbol id="sm-36">
         <name>TA0CCR2</name>
         <value>0x176</value>
      </symbol>
      <symbol id="sm-37">
         <name>TA1IV</name>
         <value>0x11e</value>
      </symbol>
      <symbol id="sm-38">
         <name>TA1CTL</name>
         <value>0x180</value>
      </symbol>
      <symbol id="sm-39">
         <name>TA1CCTL0</name>
         <value>0x182</value>
      </symbol>
      <symbol id="sm-3a">
         <name>TA1CCTL1</name>
         <value>0x184</value>
      </symbol>
      <symbol id="sm-3b">
         <name>TA1CCTL2</name>
         <value>0x186</value>
      </symbol>
      <symbol id="sm-3c">
         <name>TA1R</name>
         <value>0x190</value>
      </symbol>
      <symbol id="sm-3d">
         <name>TA1CCR0</name>
         <value>0x192</value>
      </symbol>
      <symbol id="sm-3e">
         <name>TA1CCR1</name>
         <value>0x194</value>
      </symbol>
      <symbol id="sm-3f">
         <name>TA1CCR2</name>
         <value>0x196</value>
      </symbol>
      <symbol id="sm-40">
         <name>UCA0CTL0</name>
         <value>0x60</value>
      </symbol>
      <symbol id="sm-41">
         <name>UCA0CTL1</name>
         <value>0x61</value>
      </symbol>
      <symbol id="sm-42">
         <name>UCA0BR0</name>
         <value>0x62</value>
      </symbol>
      <symbol id="sm-43">
         <name>UCA0BR1</name>
         <value>0x63</value>
      </symbol>
      <symbol id="sm-44">
         <name>UCA0MCTL</name>
         <value>0x64</value>
      </symbol>
      <symbol id="sm-45">
         <name>UCA0STAT</name>
         <value>0x65</value>
      </symbol>
      <symbol id="sm-46">
         <name>UCA0RXBUF</name>
         <value>0x66</value>
      </symbol>
      <symbol id="sm-47">
         <name>UCA0TXBUF</name>
         <value>0x67</value>
      </symbol>
      <symbol id="sm-48">
         <name>UCA0ABCTL</name>
         <value>0x5d</value>
      </symbol>
      <symbol id="sm-49">
         <name>UCA0IRTCTL</name>
         <value>0x5e</value>
      </symbol>
      <symbol id="sm-4a">
         <name>UCA0IRRCTL</name>
         <value>0x5f</value>
      </symbol>
      <symbol id="sm-4b">
         <name>UCB0CTL0</name>
         <value>0x68</value>
      </symbol>
      <symbol id="sm-4c">
         <name>UCB0CTL1</name>
         <value>0x69</value>
      </symbol>
      <symbol id="sm-4d">
         <name>UCB0BR0</name>
         <value>0x6a</value>
      </symbol>
      <symbol id="sm-4e">
         <name>UCB0BR1</name>
         <value>0x6b</value>
      </symbol>
      <symbol id="sm-4f">
         <name>UCB0I2CIE</name>
         <value>0x6c</value>
      </symbol>
      <symbol id="sm-50">
         <name>UCB0STAT</name>
         <value>0x6d</value>
      </symbol>
      <symbol id="sm-51">
         <name>UCB0RXBUF</name>
         <value>0x6e</value>
      </symbol>
      <symbol id="sm-52">
         <name>UCB0TXBUF</name>
         <value>0x6f</value>
      </symbol>
      <symbol id="sm-53">
         <name>UCB0I2COA</name>
         <value>0x118</value>
      </symbol>
      <symbol id="sm-54">
         <name>UCB0I2CSA</name>
         <value>0x11a</value>
      </symbol>
      <symbol id="sm-55">
         <name>WDTCTL</name>
         <value>0x120</value>
      </symbol>
      <symbol id="sm-56">
         <name>CALDCO_16MHZ</name>
         <value>0x10f8</value>
      </symbol>
      <symbol id="sm-57">
         <name>CALBC1_16MHZ</name>
         <value>0x10f9</value>
      </symbol>
      <symbol id="sm-58">
         <name>CALDCO_12MHZ</name>
         <value>0x10fa</value>
      </symbol>
      <symbol id="sm-59">
         <name>CALBC1_12MHZ</name>
         <value>0x10fb</value>
      </symbol>
      <symbol id="sm-5a">
         <name>CALDCO_8MHZ</name>
         <value>0x10fc</value>
      </symbol>
      <symbol id="sm-5b">
         <name>CALBC1_8MHZ</name>
         <value>0x10fd</value>
      </symbol>
      <symbol id="sm-5c">
         <name>CALDCO_1MHZ</name>
         <value>0x10fe</value>
      </symbol>
      <symbol id="sm-5d">
         <name>CALBC1_1MHZ</name>
         <value>0x10ff</value>
      </symbol>
      <symbol id="sm-5e">
         <name>TLV_CHECKSUM</name>
         <value>0x10c0</value>
      </symbol>
      <symbol id="sm-5f">
         <name>TLV_DCO_30_TAG</name>
         <value>0x10f6</value>
      </symbol>
      <symbol id="sm-60">
         <name>TLV_DCO_30_LEN</name>
         <value>0x10f7</value>
      </symbol>
      <symbol id="sm-61">
         <name>TLV_ADC10_1_TAG</name>
         <value>0x10da</value>
      </symbol>
      <symbol id="sm-62">
         <name>TLV_ADC10_1_LEN</name>
         <value>0x10db</value>
      </symbol>
      <symbol id="sm-63">
         <name>__TI_CINIT_Base</name>
         <value>0xd64a</value>
      </symbol>
      <symbol id="sm-64">
         <name>__TI_CINIT_Limit</name>
         <value>0xd64e</value>
      </symbol>
      <symbol id="sm-65">
         <name>__TI_Handler_Table_Base</name>
         <value>0xd648</value>
      </symbol>
      <symbol id="sm-66">
         <name>__TI_Handler_Table_Limit</name>
         <value>0xd64a</value>
      </symbol>
      <symbol id="sm-67">
         <name>binit</name>
         <value>0xffffffff</value>
      </symbol>
      <symbol id="sm-68">
         <name>__binit__</name>
         <value>0xffffffff</value>
      </symbol>
      <symbol id="sm-69">
         <name>__STACK_SIZE</name>
         <value>0x50</value>
      </symbol>
      <symbol id="sm-6a">
         <name>__STACK_END</name>
         <value>0x400</value>
      </symbol>
      <symbol id="sm-6b">
         <name>__c_args__</name>
         <value>0xffffffff</value>
      </symbol>
      <symbol id="sm-dc">
         <name>adsr_dividers</name>
         <value>0xc000</value>
         <object_component_ref idref="oc-1ce"/>
      </symbol>
      <symbol id="sm-dd">
         <name>attack</name>
         <value>0xd2f2</value>
         <object_component_ref idref="oc-1ba"/>
      </symbol>
      <symbol id="sm-de">
         <name>envelope</name>
         <value>0xd496</value>
         <object_component_ref idref="oc-16a"/>
      </symbol>
      <symbol id="sm-df">
         <name>release</name>
         <value>0xd396</value>
         <object_component_ref idref="oc-1ae"/>
      </symbol>
      <symbol id="sm-e0">
         <name>decay</name>
         <value>0xd210</value>
         <object_component_ref idref="oc-1b4"/>
      </symbol>
      <symbol id="sm-10e">
         <name>init_gpio</name>
         <value>0xd348</value>
         <object_component_ref idref="oc-146"/>
      </symbol>
      <symbol id="sm-10f">
         <name>init_i2c</name>
         <value>0xd4c6</value>
         <object_component_ref idref="oc-152"/>
      </symbol>
      <symbol id="sm-110">
         <name>init_clock</name>
         <value>0xd3e4</value>
         <object_component_ref idref="oc-14c"/>
      </symbol>
      <symbol id="sm-111">
         <name>init_timer0</name>
         <value>0xd61c</value>
         <object_component_ref idref="oc-158"/>
      </symbol>
      <symbol id="sm-112">
         <name>init_timer1</name>
         <value>0xd57a</value>
         <object_component_ref idref="oc-15e"/>
      </symbol>
      <symbol id="sm-113">
         <name>set_i2c_addr</name>
         <value>0xd5fe</value>
         <object_component_ref idref="oc-1a4"/>
      </symbol>
      <symbol id="sm-159">
         <name>__TI_int09</name>
         <value>0xfff2</value>
         <object_component_ref idref="oc-45"/>
      </symbol>
      <symbol id="sm-15a">
         <name>__TI_int06</name>
         <value>0xffec</value>
         <object_component_ref idref="oc-42"/>
      </symbol>
      <symbol id="sm-15b">
         <name>__TI_int07</name>
         <value>0xffee</value>
         <object_component_ref idref="oc-43"/>
      </symbol>
      <symbol id="sm-15c">
         <name>__TI_int13</name>
         <value>0xfffa</value>
         <object_component_ref idref="oc-49"/>
      </symbol>
      <symbol id="sm-15d">
         <name>TIMER1_A0_ISR_HOOK</name>
         <value>0xd60e</value>
         <object_component_ref idref="oc-c2"/>
      </symbol>
      <symbol id="sm-15e">
         <name>TIMER0_A0_ISR_HOOK</name>
         <value>0xd5a2</value>
         <object_component_ref idref="oc-bc"/>
      </symbol>
      <symbol id="sm-15f">
         <name>USCI0TX_ISR_HOOK</name>
         <value>0xd000</value>
         <object_component_ref idref="oc-b0"/>
      </symbol>
      <symbol id="sm-160">
         <name>USCI0RX_ISR_HOOK</name>
         <value>0xd464</value>
         <object_component_ref idref="oc-b6"/>
      </symbol>
      <symbol id="sm-175">
         <name>i2c_reg</name>
         <value>0x230</value>
      </symbol>
      <symbol id="sm-176">
         <name>dco_reg</name>
         <value>0x21e</value>
      </symbol>
      <symbol id="sm-177">
         <name>dac_reg</name>
         <value>0x228</value>
      </symbol>
      <symbol id="sm-178">
         <name>adsr0</name>
         <value>0x200</value>
      </symbol>
      <symbol id="sm-179">
         <name>adsr0_init</name>
         <value>0xd550</value>
         <object_component_ref idref="oc-164"/>
      </symbol>
      <symbol id="sm-17a">
         <name>main</name>
         <value>0xd4f6</value>
         <object_component_ref idref="oc-ef"/>
      </symbol>
      <symbol id="sm-183">
         <name>timer1_set_pwm0</name>
         <value>0xd62a</value>
         <object_component_ref idref="oc-170"/>
      </symbol>
      <symbol id="sm-18b">
         <name>__mspabi_srai</name>
         <value>0xd524</value>
         <object_component_ref idref="oc-1c0"/>
      </symbol>
      <symbol id="sm-18c">
         <name>__mspabi_srai_8</name>
         <value>0xd53e</value>
         <object_component_ref idref="oc-1c0"/>
      </symbol>
      <symbol id="sm-18d">
         <name>__mspabi_srai_9</name>
         <value>0xd53c</value>
         <object_component_ref idref="oc-1c0"/>
      </symbol>
      <symbol id="sm-18e">
         <name>__mspabi_srai_6</name>
         <value>0xd542</value>
         <object_component_ref idref="oc-1c0"/>
      </symbol>
      <symbol id="sm-18f">
         <name>__mspabi_srai_7</name>
         <value>0xd540</value>
         <object_component_ref idref="oc-1c0"/>
      </symbol>
      <symbol id="sm-190">
         <name>__mspabi_srai_4</name>
         <value>0xd546</value>
         <object_component_ref idref="oc-1c0"/>
      </symbol>
      <symbol id="sm-191">
         <name>__mspabi_srai_5</name>
         <value>0xd544</value>
         <object_component_ref idref="oc-1c0"/>
      </symbol>
      <symbol id="sm-192">
         <name>__mspabi_srai_2</name>
         <value>0xd54a</value>
         <object_component_ref idref="oc-1c0"/>
      </symbol>
      <symbol id="sm-193">
         <name>__mspabi_srai_3</name>
         <value>0xd548</value>
         <object_component_ref idref="oc-1c0"/>
      </symbol>
      <symbol id="sm-194">
         <name>__mspabi_srai_1</name>
         <value>0xd54c</value>
         <object_component_ref idref="oc-1c0"/>
      </symbol>
      <symbol id="sm-195">
         <name>__mspabi_srai_15</name>
         <value>0xd530</value>
         <object_component_ref idref="oc-1c0"/>
      </symbol>
      <symbol id="sm-196">
         <name>__mspabi_srai_14</name>
         <value>0xd532</value>
         <object_component_ref idref="oc-1c0"/>
      </symbol>
      <symbol id="sm-197">
         <name>__mspabi_srai_13</name>
         <value>0xd534</value>
         <object_component_ref idref="oc-1c0"/>
      </symbol>
      <symbol id="sm-198">
         <name>__mspabi_srai_12</name>
         <value>0xd536</value>
         <object_component_ref idref="oc-1c0"/>
      </symbol>
      <symbol id="sm-199">
         <name>__mspabi_srai_11</name>
         <value>0xd538</value>
         <object_component_ref idref="oc-1c0"/>
      </symbol>
      <symbol id="sm-19a">
         <name>__mspabi_srai_10</name>
         <value>0xd53a</value>
         <object_component_ref idref="oc-1c0"/>
      </symbol>
      <symbol id="sm-1a3">
         <name>_stack</name>
         <value>0x3b0</value>
         <object_component_ref idref="oc-8d"/>
      </symbol>
      <symbol id="sm-1a4">
         <name>_reset_vector</name>
         <value>0xfffe</value>
         <object_component_ref idref="oc-90"/>
      </symbol>
      <symbol id="sm-1af">
         <name>_c_int00_noargs_noexit</name>
         <value>0xd5c0</value>
         <object_component_ref idref="oc-69"/>
      </symbol>
      <symbol id="sm-1c9">
         <name>__TI_zero_init</name>
         <value>0xd5da</value>
         <object_component_ref idref="oc-4b"/>
      </symbol>
      <symbol id="sm-1d2">
         <name>__mspabi_func_epilog_2</name>
         <value>0xd5f8</value>
         <object_component_ref idref="oc-118"/>
      </symbol>
      <symbol id="sm-1d3">
         <name>__mspabi_func_epilog_3</name>
         <value>0xd5f6</value>
         <object_component_ref idref="oc-118"/>
      </symbol>
      <symbol id="sm-1d4">
         <name>__mspabi_func_epilog_1</name>
         <value>0xd5fa</value>
         <object_component_ref idref="oc-118"/>
      </symbol>
      <symbol id="sm-1d5">
         <name>__mspabi_func_epilog_6</name>
         <value>0xd5f0</value>
         <object_component_ref idref="oc-118"/>
      </symbol>
      <symbol id="sm-1d6">
         <name>__mspabi_func_epilog_7</name>
         <value>0xd5ee</value>
         <object_component_ref idref="oc-118"/>
      </symbol>
      <symbol id="sm-1d7">
         <name>__mspabi_func_epilog_4</name>
         <value>0xd5f4</value>
         <object_component_ref idref="oc-118"/>
      </symbol>
      <symbol id="sm-1d8">
         <name>__mspabi_func_epilog_5</name>
         <value>0xd5f2</value>
         <object_component_ref idref="oc-118"/>
      </symbol>
      <symbol id="sm-1e3">
         <name>C$$EXIT</name>
         <value>0xd640</value>
         <object_component_ref idref="oc-f7"/>
      </symbol>
      <symbol id="sm-1e4">
         <name>abort</name>
         <value>0xd640</value>
         <object_component_ref idref="oc-f7"/>
      </symbol>
      <symbol id="sm-1e8">
         <name>__TI_int00</name>
         <value>0xffe0</value>
         <object_component_ref idref="oc-3e"/>
      </symbol>
      <symbol id="sm-1eb">
         <name>__TI_int02</name>
         <value>0xffe4</value>
         <object_component_ref idref="oc-3f"/>
      </symbol>
      <symbol id="sm-1ee">
         <name>__TI_int03</name>
         <value>0xffe6</value>
         <object_component_ref idref="oc-40"/>
      </symbol>
      <symbol id="sm-1f1">
         <name>__TI_int05</name>
         <value>0xffea</value>
         <object_component_ref idref="oc-41"/>
      </symbol>
      <symbol id="sm-1f4">
         <name>__TI_int08</name>
         <value>0xfff0</value>
         <object_component_ref idref="oc-44"/>
      </symbol>
      <symbol id="sm-1f7">
         <name>__TI_int10</name>
         <value>0xfff4</value>
         <object_component_ref idref="oc-46"/>
      </symbol>
      <symbol id="sm-1fa">
         <name>__TI_int11</name>
         <value>0xfff6</value>
         <object_component_ref idref="oc-47"/>
      </symbol>
      <symbol id="sm-1fd">
         <name>__TI_int12</name>
         <value>0xfff8</value>
         <object_component_ref idref="oc-48"/>
      </symbol>
      <symbol id="sm-200">
         <name>__TI_int14</name>
         <value>0xfffc</value>
         <object_component_ref idref="oc-4a"/>
      </symbol>
      <symbol id="sm-208">
         <name>__TI_ISR_TRAP</name>
         <value>0xd636</value>
         <object_component_ref idref="oc-ab"/>
      </symbol>
      <symbol id="sm-211">
         <name>__mspabi_slll_9</name>
         <value>0xd43e</value>
         <object_component_ref idref="oc-1d2"/>
      </symbol>
      <symbol id="sm-212">
         <name>__mspabi_slll_8</name>
         <value>0xd442</value>
         <object_component_ref idref="oc-1d2"/>
      </symbol>
      <symbol id="sm-213">
         <name>__mspabi_slll_7</name>
         <value>0xd446</value>
         <object_component_ref idref="oc-1d2"/>
      </symbol>
      <symbol id="sm-214">
         <name>__mspabi_slll_6</name>
         <value>0xd44a</value>
         <object_component_ref idref="oc-1d2"/>
      </symbol>
      <symbol id="sm-215">
         <name>__mspabi_slll_5</name>
         <value>0xd44e</value>
         <object_component_ref idref="oc-1d2"/>
      </symbol>
      <symbol id="sm-216">
         <name>__mspabi_slll_4</name>
         <value>0xd452</value>
         <object_component_ref idref="oc-1d2"/>
      </symbol>
      <symbol id="sm-217">
         <name>__mspabi_slll_3</name>
         <value>0xd456</value>
         <object_component_ref idref="oc-1d2"/>
      </symbol>
      <symbol id="sm-218">
         <name>__mspabi_slll_2</name>
         <value>0xd45a</value>
         <object_component_ref idref="oc-1d2"/>
      </symbol>
      <symbol id="sm-219">
         <name>__mspabi_slll_1</name>
         <value>0xd45e</value>
         <object_component_ref idref="oc-1d2"/>
      </symbol>
      <symbol id="sm-21a">
         <name>__mspabi_slll_15</name>
         <value>0xd426</value>
         <object_component_ref idref="oc-1d2"/>
      </symbol>
      <symbol id="sm-21b">
         <name>__mspabi_slll_14</name>
         <value>0xd42a</value>
         <object_component_ref idref="oc-1d2"/>
      </symbol>
      <symbol id="sm-21c">
         <name>__mspabi_slll_13</name>
         <value>0xd42e</value>
         <object_component_ref idref="oc-1d2"/>
      </symbol>
      <symbol id="sm-21d">
         <name>__mspabi_slll_12</name>
         <value>0xd432</value>
         <object_component_ref idref="oc-1d2"/>
      </symbol>
      <symbol id="sm-21e">
         <name>__mspabi_slll_11</name>
         <value>0xd436</value>
         <object_component_ref idref="oc-1d2"/>
      </symbol>
      <symbol id="sm-21f">
         <name>__mspabi_slll_10</name>
         <value>0xd43a</value>
         <object_component_ref idref="oc-1d2"/>
      </symbol>
      <symbol id="sm-22a">
         <name>_system_pre_init</name>
         <value>0xd63c</value>
         <object_component_ref idref="oc-cf"/>
      </symbol>
      <symbol id="sm-244">
         <name>_auto_init</name>
         <value>0xd29a</value>
         <object_component_ref idref="oc-d5"/>
      </symbol>
      <symbol id="sm-247">
         <name>__TI_INITARRAY_Base</name>
         <value>0x0</value>
      </symbol>
      <symbol id="sm-248">
         <name>__TI_INITARRAY_Limit</name>
         <value>0x0</value>
      </symbol>
   </symbol_table>
   <title>Link successful</title>
</link_info>
