******************************************************************************
                  MSP430 Linker PC v4.4.5                      
******************************************************************************
>> Linked Mon Aug 01 13:13:01 2016

OUTPUT FILE NAME:   <proj_DCO_v6.00.out>
ENTRY POINT SYMBOL: "_c_int00_noargs_noexit"  address: 0000dcf4


MEMORY CONFIGURATION

         name            origin    length      used     unused   attr    fill
----------------------  --------  ---------  --------  --------  ----  --------
  SFR                   00000000   00000010  00000000  00000010  RWIX
  PERIPHERALS_8BIT      00000010   000000f0  00000000  000000f0  RWIX
  PERIPHERALS_16BIT     00000100   00000100  00000000  00000100  RWIX
  RAM                   00000200   00000200  000000a1  0000015f  RWIX
  INFOD                 00001000   00000040  00000000  00000040  RWIX
  INFOC                 00001040   00000040  00000000  00000040  RWIX
  INFOB                 00001080   00000040  00000000  00000040  RWIX
  INFOA                 000010c0   00000040  00000000  00000040  RWIX
  FLASH                 0000c000   00003fde  00001db0  0000222e  RWIX
  BSLSIGNATURE          0000ffde   00000002  00000002  00000000  RWIX  ffff 
  INT00                 0000ffe0   00000002  00000002  00000000  RWIX
  INT01                 0000ffe2   00000002  00000000  00000002  RWIX
  INT02                 0000ffe4   00000002  00000002  00000000  RWIX
  INT03                 0000ffe6   00000002  00000002  00000000  RWIX
  INT04                 0000ffe8   00000002  00000000  00000002  RWIX
  INT05                 0000ffea   00000002  00000002  00000000  RWIX
  INT06                 0000ffec   00000002  00000002  00000000  RWIX
  INT07                 0000ffee   00000002  00000002  00000000  RWIX
  INT08                 0000fff0   00000002  00000002  00000000  RWIX
  INT09                 0000fff2   00000002  00000002  00000000  RWIX
  INT10                 0000fff4   00000002  00000002  00000000  RWIX
  INT11                 0000fff6   00000002  00000002  00000000  RWIX
  INT12                 0000fff8   00000002  00000002  00000000  RWIX
  INT13                 0000fffa   00000002  00000002  00000000  RWIX
  INT14                 0000fffc   00000002  00000002  00000000  RWIX
  RESET                 0000fffe   00000002  00000002  00000000  RWIX


SECTION ALLOCATION MAP

 output                                  attributes/
section   page    origin      length       input sections
--------  ----  ----------  ----------   ----------------
.bss       0    00000200    00000051     UNINITIALIZED
                  00000200    0000001e     (.common:adsr0)
                  0000021e    0000000e     (.common:sysex)
                  0000022c    0000000c     (.common:dco_reg)
                  00000238    00000008     (.common:dac_reg)
                  00000240    00000008     (.common:lfo0)
                  00000248    00000004     (.common:i2c_reg)
                  0000024c    00000002     (.common:filter)
                  0000024e    00000002     (.common:resonance)
                  00000250    00000001     (.common:processing_scheduler)

.stack     0    000003b0    00000050     UNINITIALIZED
                  000003b0    00000002     rts430_eabi.lib : boot.obj (.stack)
                  000003b2    0000004e     --HOLE--

.const     0    0000c000    00001400     
                  0000c000    00001000     gen_adsr.obj (.const:adsr_dividers)
                  0000d000    00000400     gen_sine.obj (.const:sinetable)

.text      0    0000d400    000009a6     
                  0000d400    000003c2     irq_vectors.obj (.text:USCI0TX_ISR_HOOK)
                  0000d7c2    0000008e     main.obj (.text:main)
                  0000d850    0000008a     gen_adsr.obj (.text:decay)
                  0000d8da    00000058     rts430_eabi.lib : autoinit.obj (.text:_auto_init)
                  0000d932    00000056     gen_adsr.obj (.text:attack)
                  0000d988    0000004e     gen_sine.obj (.text:get_sine)
                  0000d9d6    0000004e     init.obj (.text:init_gpio)
                  0000da24    0000004e     gen_adsr.obj (.text:release)
                  0000da72    00000042     init.obj (.text:init_clock)
                  0000dab4    0000003e     rts430_eabi.lib : asr32.obj (.text:l_asr_const)
                  0000daf2    0000003e                     : lsl32.obj (.text:l_lsl_const)
                  0000db30    00000032     irq_vectors.obj (.text:USCI0RX_ISR_HOOK)
                  0000db62    00000030     gen_adsr.obj (.text:envelope)
                  0000db92    00000030     init.obj (.text:init_i2c)
                  0000dbc2    0000002c     rts430_eabi.lib : asr16.obj (.text)
                  0000dbee    0000002c     gen_sine.obj (.text:sine)
                  0000dc1a    0000002a     main.obj (.text:adsr0_init)
                  0000dc44    00000028     init.obj (.text:init_timer0)
                  0000dc6c    00000028     init.obj (.text:init_timer1)
                  0000dc94    00000026     rts430_eabi.lib : mult32.obj (.text)
                  0000dcba    0000001e     irq_vectors.obj (.text:TIMER0_A0_ISR_HOOK)
                  0000dcd8    0000001c     main.obj (.text:emphasis)
                  0000dcf4    0000001a     rts430_eabi.lib : boot_special.obj (.text:_c_int00_noargs_noexit)
                  0000dd0e    00000014     set_timer.obj (.text:convert)
                  0000dd22    00000014     rts430_eabi.lib : copy_zero_init.obj (.text:decompress:ZI:__TI_zero_init)
                  0000dd36    00000010                     : epilog.obj (.text)
                  0000dd46    00000010     init.obj (.text:set_i2c_addr)
                  0000dd56    00000010     set_timer.obj (.text:timer1_set_pwm0)
                  0000dd66    00000010     set_timer.obj (.text:timer1_set_pwm1)
                  0000dd76    0000000e     irq_vectors.obj (.text:TIMER1_A0_ISR_HOOK)
                  0000dd84    0000000e     main.obj (.text:lfo0_init)
                  0000dd92    00000006     rts430_eabi.lib : isr_trap.obj (.text:_isr:__TI_ISR_TRAP)
                  0000dd98    00000006     main.obj (.text:watchdog_timer)
                  0000dd9e    00000004     rts430_eabi.lib : pre_init.obj (.text:_system_pre_init)
                  0000dda2    00000004                     : exit.obj (.text:abort)

.cinit     0    0000dda6    0000000a     
                  0000dda6    00000004     (.cinit..bss.load) [load image, compression = zero_init]
                  0000ddaa    00000002     (__TI_handler_table)
                  0000ddac    00000004     (__TI_cinit_table)

.init_array 
*          0    0000c000    00000000     UNINITIALIZED

$fill000   0    0000ffde    00000002     
                  0000ffde    00000002     --HOLE-- [fill = ffff]

TRAPINT    0    0000ffe0    00000002     
                  0000ffe0    00000002     rts430_eabi.lib : int00.obj (.int00)

PORT1      0    0000ffe4    00000002     
                  0000ffe4    00000002     rts430_eabi.lib : int02.obj (.int02)

PORT2      0    0000ffe6    00000002     
                  0000ffe6    00000002     rts430_eabi.lib : int03.obj (.int03)

ADC10      0    0000ffea    00000002     
                  0000ffea    00000002     rts430_eabi.lib : int05.obj (.int05)

USCIAB0TX 
*          0    0000ffec    00000002     
                  0000ffec    00000002     irq_vectors.obj (.int06)

USCIAB0RX 
*          0    0000ffee    00000002     
                  0000ffee    00000002     irq_vectors.obj (.int07)

TIMER0_A1 
*          0    0000fff0    00000002     
                  0000fff0    00000002     rts430_eabi.lib : int08.obj (.int08)

TIMER0_A0 
*          0    0000fff2    00000002     
                  0000fff2    00000002     irq_vectors.obj (.int09)

WDT        0    0000fff4    00000002     
                  0000fff4    00000002     main.obj (.int10)

COMPARATORA 
*          0    0000fff6    00000002     
                  0000fff6    00000002     rts430_eabi.lib : int11.obj (.int11)

TIMER1_A1 
*          0    0000fff8    00000002     
                  0000fff8    00000002     rts430_eabi.lib : int12.obj (.int12)

TIMER1_A0 
*          0    0000fffa    00000002     
                  0000fffa    00000002     irq_vectors.obj (.int13)

NMI        0    0000fffc    00000002     
                  0000fffc    00000002     rts430_eabi.lib : int14.obj (.int14)

.reset     0    0000fffe    00000002     
                  0000fffe    00000002     rts430_eabi.lib : boot.obj (.reset)


LINKER GENERATED COPY TABLES

__TI_cinit_table @ 0000ddac records: 1, size/record: 4, table size: 4
	.bss: load addr=0000dda6, load size=00000004 bytes, run addr=00000200, run size=00000051 bytes, compression=zero_init


LINKER GENERATED HANDLER TABLE

__TI_handler_table @ 0000ddaa records: 1, size/record: 2, table size: 2
	index: 0, handler: __TI_zero_init


GLOBAL SYMBOLS: SORTED ALPHABETICALLY BY Name 

address   name                    
-------   ----                    
0000004a  ADC10AE0                
000001b0  ADC10CTL0               
000001b2  ADC10CTL1               
00000048  ADC10DTC0               
00000049  ADC10DTC1               
000001b4  ADC10MEM                
000001bc  ADC10SA                 
00000057  BCSCTL1                 
00000058  BCSCTL2                 
00000053  BCSCTL3                 
0000dda2  C$$EXIT                 
00000059  CACTL1                  
0000005a  CACTL2                  
000010fb  CALBC1_12MHZ            
000010f9  CALBC1_16MHZ            
000010ff  CALBC1_1MHZ             
000010fd  CALBC1_8MHZ             
000010fa  CALDCO_12MHZ            
000010f8  CALDCO_16MHZ            
000010fe  CALDCO_1MHZ             
000010fc  CALDCO_8MHZ             
0000005b  CAPD                    
00000056  DCOCTL                  
00000128  FCTL1                   
0000012a  FCTL2                   
0000012c  FCTL3                   
00000000  IE1                     
00000001  IE2                     
00000002  IFG1                    
00000003  IFG2                    
00000022  P1DIR                   
00000025  P1IE                    
00000024  P1IES                   
00000023  P1IFG                   
00000020  P1IN                    
00000021  P1OUT                   
00000027  P1REN                   
00000026  P1SEL                   
00000041  P1SEL2                  
0000002a  P2DIR                   
0000002d  P2IE                    
0000002c  P2IES                   
0000002b  P2IFG                   
00000028  P2IN                    
00000029  P2OUT                   
0000002f  P2REN                   
0000002e  P2SEL                   
00000042  P2SEL2                  
0000001a  P3DIR                   
00000018  P3IN                    
00000019  P3OUT                   
00000010  P3REN                   
0000001b  P3SEL                   
00000043  P3SEL2                  
00000172  TA0CCR0                 
00000174  TA0CCR1                 
00000176  TA0CCR2                 
00000162  TA0CCTL0                
00000164  TA0CCTL1                
00000166  TA0CCTL2                
00000160  TA0CTL                  
0000012e  TA0IV                   
00000170  TA0R                    
00000192  TA1CCR0                 
00000194  TA1CCR1                 
00000196  TA1CCR2                 
00000182  TA1CCTL0                
00000184  TA1CCTL1                
00000186  TA1CCTL2                
00000180  TA1CTL                  
0000011e  TA1IV                   
00000190  TA1R                    
0000dcba  TIMER0_A0_ISR_HOOK      
0000dd76  TIMER1_A0_ISR_HOOK      
000010db  TLV_ADC10_1_LEN         
000010da  TLV_ADC10_1_TAG         
000010c0  TLV_CHECKSUM            
000010f7  TLV_DCO_30_LEN          
000010f6  TLV_DCO_30_TAG          
0000005d  UCA0ABCTL               
00000062  UCA0BR0                 
00000063  UCA0BR1                 
00000060  UCA0CTL0                
00000061  UCA0CTL1                
0000005f  UCA0IRRCTL              
0000005e  UCA0IRTCTL              
00000064  UCA0MCTL                
00000066  UCA0RXBUF               
00000065  UCA0STAT                
00000067  UCA0TXBUF               
0000006a  UCB0BR0                 
0000006b  UCB0BR1                 
00000068  UCB0CTL0                
00000069  UCB0CTL1                
0000006c  UCB0I2CIE               
00000118  UCB0I2COA               
0000011a  UCB0I2CSA               
0000006e  UCB0RXBUF               
0000006d  UCB0STAT                
0000006f  UCB0TXBUF               
0000db30  USCI0RX_ISR_HOOK        
0000d400  USCI0TX_ISR_HOOK        
00000120  WDTCTL                  
00000400  __STACK_END             
00000050  __STACK_SIZE            
0000ddac  __TI_CINIT_Base         
0000ddb0  __TI_CINIT_Limit        
0000ddaa  __TI_Handler_Table_Base 
0000ddac  __TI_Handler_Table_Limit
UNDEFED   __TI_INITARRAY_Base     
UNDEFED   __TI_INITARRAY_Limit    
0000dd92  __TI_ISR_TRAP           
0000ffe0  __TI_int00              
0000ffe4  __TI_int02              
0000ffe6  __TI_int03              
0000ffea  __TI_int05              
0000ffec  __TI_int06              
0000ffee  __TI_int07              
0000fff0  __TI_int08              
0000fff2  __TI_int09              
0000fff4  __TI_int10              
0000fff6  __TI_int11              
0000fff8  __TI_int12              
0000fffa  __TI_int13              
0000fffc  __TI_int14              
0000dd22  __TI_zero_init          
ffffffff  __binit__               
ffffffff  __c_args__              
0000dd42  __mspabi_func_epilog_1  
0000dd40  __mspabi_func_epilog_2  
0000dd3e  __mspabi_func_epilog_3  
0000dd3c  __mspabi_func_epilog_4  
0000dd3a  __mspabi_func_epilog_5  
0000dd38  __mspabi_func_epilog_6  
0000dd36  __mspabi_func_epilog_7  
0000dc94  __mspabi_mpyl           
0000dc94  __mspabi_mpyl_sw        
0000db2a  __mspabi_slll_1         
0000db06  __mspabi_slll_10        
0000db02  __mspabi_slll_11        
0000dafe  __mspabi_slll_12        
0000dafa  __mspabi_slll_13        
0000daf6  __mspabi_slll_14        
0000daf2  __mspabi_slll_15        
0000db26  __mspabi_slll_2         
0000db22  __mspabi_slll_3         
0000db1e  __mspabi_slll_4         
0000db1a  __mspabi_slll_5         
0000db16  __mspabi_slll_6         
0000db12  __mspabi_slll_7         
0000db0e  __mspabi_slll_8         
0000db0a  __mspabi_slll_9         
0000dbc2  __mspabi_srai           
0000dbea  __mspabi_srai_1         
0000dbd8  __mspabi_srai_10        
0000dbd6  __mspabi_srai_11        
0000dbd4  __mspabi_srai_12        
0000dbd2  __mspabi_srai_13        
0000dbd0  __mspabi_srai_14        
0000dbce  __mspabi_srai_15        
0000dbe8  __mspabi_srai_2         
0000dbe6  __mspabi_srai_3         
0000dbe4  __mspabi_srai_4         
0000dbe2  __mspabi_srai_5         
0000dbe0  __mspabi_srai_6         
0000dbde  __mspabi_srai_7         
0000dbdc  __mspabi_srai_8         
0000dbda  __mspabi_srai_9         
0000daec  __mspabi_sral_1         
0000dac8  __mspabi_sral_10        
0000dac4  __mspabi_sral_11        
0000dac0  __mspabi_sral_12        
0000dabc  __mspabi_sral_13        
0000dab8  __mspabi_sral_14        
0000dab4  __mspabi_sral_15        
0000dae8  __mspabi_sral_2         
0000dae4  __mspabi_sral_3         
0000dae0  __mspabi_sral_4         
0000dadc  __mspabi_sral_5         
0000dad8  __mspabi_sral_6         
0000dad4  __mspabi_sral_7         
0000dad0  __mspabi_sral_8         
0000dacc  __mspabi_sral_9         
0000d8da  _auto_init              
0000dcf4  _c_int00_noargs_noexit  
0000fffe  _reset_vector           
000003b0  _stack                  
0000dd9e  _system_pre_init        
0000dda2  abort                   
00000200  adsr0                   
0000dc1a  adsr0_init              
0000c000  adsr_dividers           
0000d932  attack                  
ffffffff  binit                   
0000dd0e  convert                 
00000238  dac_reg                 
0000022c  dco_reg                 
0000d850  decay                   
0000dcd8  emphasis                
0000db62  envelope                
0000024c  filter                  
0000d988  get_sine                
00000248  i2c_reg                 
0000da72  init_clock              
0000d9d6  init_gpio               
0000db92  init_i2c                
0000dc44  init_timer0             
0000dc6c  init_timer1             
00000240  lfo0                    
0000dd84  lfo0_init               
0000d7c2  main                    
00000250  processing_scheduler    
0000da24  release                 
0000024e  resonance               
0000dd46  set_i2c_addr            
0000dbee  sine                    
0000d000  sinetable               
0000021e  sysex                   
0000dd56  timer1_set_pwm0         
0000dd66  timer1_set_pwm1         
0000dd98  watchdog_timer          


GLOBAL SYMBOLS: SORTED BY Symbol Address 

address   name                    
-------   ----                    
00000000  IE1                     
00000001  IE2                     
00000002  IFG1                    
00000003  IFG2                    
00000010  P3REN                   
00000018  P3IN                    
00000019  P3OUT                   
0000001a  P3DIR                   
0000001b  P3SEL                   
00000020  P1IN                    
00000021  P1OUT                   
00000022  P1DIR                   
00000023  P1IFG                   
00000024  P1IES                   
00000025  P1IE                    
00000026  P1SEL                   
00000027  P1REN                   
00000028  P2IN                    
00000029  P2OUT                   
0000002a  P2DIR                   
0000002b  P2IFG                   
0000002c  P2IES                   
0000002d  P2IE                    
0000002e  P2SEL                   
0000002f  P2REN                   
00000041  P1SEL2                  
00000042  P2SEL2                  
00000043  P3SEL2                  
00000048  ADC10DTC0               
00000049  ADC10DTC1               
0000004a  ADC10AE0                
00000050  __STACK_SIZE            
00000053  BCSCTL3                 
00000056  DCOCTL                  
00000057  BCSCTL1                 
00000058  BCSCTL2                 
00000059  CACTL1                  
0000005a  CACTL2                  
0000005b  CAPD                    
0000005d  UCA0ABCTL               
0000005e  UCA0IRTCTL              
0000005f  UCA0IRRCTL              
00000060  UCA0CTL0                
00000061  UCA0CTL1                
00000062  UCA0BR0                 
00000063  UCA0BR1                 
00000064  UCA0MCTL                
00000065  UCA0STAT                
00000066  UCA0RXBUF               
00000067  UCA0TXBUF               
00000068  UCB0CTL0                
00000069  UCB0CTL1                
0000006a  UCB0BR0                 
0000006b  UCB0BR1                 
0000006c  UCB0I2CIE               
0000006d  UCB0STAT                
0000006e  UCB0RXBUF               
0000006f  UCB0TXBUF               
00000118  UCB0I2COA               
0000011a  UCB0I2CSA               
0000011e  TA1IV                   
00000120  WDTCTL                  
00000128  FCTL1                   
0000012a  FCTL2                   
0000012c  FCTL3                   
0000012e  TA0IV                   
00000160  TA0CTL                  
00000162  TA0CCTL0                
00000164  TA0CCTL1                
00000166  TA0CCTL2                
00000170  TA0R                    
00000172  TA0CCR0                 
00000174  TA0CCR1                 
00000176  TA0CCR2                 
00000180  TA1CTL                  
00000182  TA1CCTL0                
00000184  TA1CCTL1                
00000186  TA1CCTL2                
00000190  TA1R                    
00000192  TA1CCR0                 
00000194  TA1CCR1                 
00000196  TA1CCR2                 
000001b0  ADC10CTL0               
000001b2  ADC10CTL1               
000001b4  ADC10MEM                
000001bc  ADC10SA                 
00000200  adsr0                   
0000021e  sysex                   
0000022c  dco_reg                 
00000238  dac_reg                 
00000240  lfo0                    
00000248  i2c_reg                 
0000024c  filter                  
0000024e  resonance               
00000250  processing_scheduler    
000003b0  _stack                  
00000400  __STACK_END             
000010c0  TLV_CHECKSUM            
000010da  TLV_ADC10_1_TAG         
000010db  TLV_ADC10_1_LEN         
000010f6  TLV_DCO_30_TAG          
000010f7  TLV_DCO_30_LEN          
000010f8  CALDCO_16MHZ            
000010f9  CALBC1_16MHZ            
000010fa  CALDCO_12MHZ            
000010fb  CALBC1_12MHZ            
000010fc  CALDCO_8MHZ             
000010fd  CALBC1_8MHZ             
000010fe  CALDCO_1MHZ             
000010ff  CALBC1_1MHZ             
0000c000  adsr_dividers           
0000d000  sinetable               
0000d400  USCI0TX_ISR_HOOK        
0000d7c2  main                    
0000d850  decay                   
0000d8da  _auto_init              
0000d932  attack                  
0000d988  get_sine                
0000d9d6  init_gpio               
0000da24  release                 
0000da72  init_clock              
0000dab4  __mspabi_sral_15        
0000dab8  __mspabi_sral_14        
0000dabc  __mspabi_sral_13        
0000dac0  __mspabi_sral_12        
0000dac4  __mspabi_sral_11        
0000dac8  __mspabi_sral_10        
0000dacc  __mspabi_sral_9         
0000dad0  __mspabi_sral_8         
0000dad4  __mspabi_sral_7         
0000dad8  __mspabi_sral_6         
0000dadc  __mspabi_sral_5         
0000dae0  __mspabi_sral_4         
0000dae4  __mspabi_sral_3         
0000dae8  __mspabi_sral_2         
0000daec  __mspabi_sral_1         
0000daf2  __mspabi_slll_15        
0000daf6  __mspabi_slll_14        
0000dafa  __mspabi_slll_13        
0000dafe  __mspabi_slll_12        
0000db02  __mspabi_slll_11        
0000db06  __mspabi_slll_10        
0000db0a  __mspabi_slll_9         
0000db0e  __mspabi_slll_8         
0000db12  __mspabi_slll_7         
0000db16  __mspabi_slll_6         
0000db1a  __mspabi_slll_5         
0000db1e  __mspabi_slll_4         
0000db22  __mspabi_slll_3         
0000db26  __mspabi_slll_2         
0000db2a  __mspabi_slll_1         
0000db30  USCI0RX_ISR_HOOK        
0000db62  envelope                
0000db92  init_i2c                
0000dbc2  __mspabi_srai           
0000dbce  __mspabi_srai_15        
0000dbd0  __mspabi_srai_14        
0000dbd2  __mspabi_srai_13        
0000dbd4  __mspabi_srai_12        
0000dbd6  __mspabi_srai_11        
0000dbd8  __mspabi_srai_10        
0000dbda  __mspabi_srai_9         
0000dbdc  __mspabi_srai_8         
0000dbde  __mspabi_srai_7         
0000dbe0  __mspabi_srai_6         
0000dbe2  __mspabi_srai_5         
0000dbe4  __mspabi_srai_4         
0000dbe6  __mspabi_srai_3         
0000dbe8  __mspabi_srai_2         
0000dbea  __mspabi_srai_1         
0000dbee  sine                    
0000dc1a  adsr0_init              
0000dc44  init_timer0             
0000dc6c  init_timer1             
0000dc94  __mspabi_mpyl           
0000dc94  __mspabi_mpyl_sw        
0000dcba  TIMER0_A0_ISR_HOOK      
0000dcd8  emphasis                
0000dcf4  _c_int00_noargs_noexit  
0000dd0e  convert                 
0000dd22  __TI_zero_init          
0000dd36  __mspabi_func_epilog_7  
0000dd38  __mspabi_func_epilog_6  
0000dd3a  __mspabi_func_epilog_5  
0000dd3c  __mspabi_func_epilog_4  
0000dd3e  __mspabi_func_epilog_3  
0000dd40  __mspabi_func_epilog_2  
0000dd42  __mspabi_func_epilog_1  
0000dd46  set_i2c_addr            
0000dd56  timer1_set_pwm0         
0000dd66  timer1_set_pwm1         
0000dd76  TIMER1_A0_ISR_HOOK      
0000dd84  lfo0_init               
0000dd92  __TI_ISR_TRAP           
0000dd98  watchdog_timer          
0000dd9e  _system_pre_init        
0000dda2  C$$EXIT                 
0000dda2  abort                   
0000ddaa  __TI_Handler_Table_Base 
0000ddac  __TI_CINIT_Base         
0000ddac  __TI_Handler_Table_Limit
0000ddb0  __TI_CINIT_Limit        
0000ffe0  __TI_int00              
0000ffe4  __TI_int02              
0000ffe6  __TI_int03              
0000ffea  __TI_int05              
0000ffec  __TI_int06              
0000ffee  __TI_int07              
0000fff0  __TI_int08              
0000fff2  __TI_int09              
0000fff4  __TI_int10              
0000fff6  __TI_int11              
0000fff8  __TI_int12              
0000fffa  __TI_int13              
0000fffc  __TI_int14              
0000fffe  _reset_vector           
ffffffff  __binit__               
ffffffff  __c_args__              
ffffffff  binit                   
UNDEFED   __TI_INITARRAY_Base     
UNDEFED   __TI_INITARRAY_Limit    

[221 symbols]
